Archive member included because of file (symbol)

c:/program files (x86)/atmel/atmel toolchain/arm gcc/native/4.8.1437/arm-gnu-toolchain/bin/../lib/gcc/arm-none-eabi/4.8.4/../../../../arm-none-eabi/lib/armv7-m\libc.a(lib_a-exit.o)
                              c:/program files (x86)/atmel/atmel toolchain/arm gcc/native/4.8.1437/arm-gnu-toolchain/bin/../lib/gcc/arm-none-eabi/4.8.4/../../../../arm-none-eabi/lib/armv7-m/crt0.o (exit)
c:/program files (x86)/atmel/atmel toolchain/arm gcc/native/4.8.1437/arm-gnu-toolchain/bin/../lib/gcc/arm-none-eabi/4.8.4/../../../../arm-none-eabi/lib/armv7-m\libc.a(lib_a-impure.o)
                              c:/program files (x86)/atmel/atmel toolchain/arm gcc/native/4.8.1437/arm-gnu-toolchain/bin/../lib/gcc/arm-none-eabi/4.8.4/../../../../arm-none-eabi/lib/armv7-m\libc.a(lib_a-exit.o) (_global_impure_ptr)
c:/program files (x86)/atmel/atmel toolchain/arm gcc/native/4.8.1437/arm-gnu-toolchain/bin/../lib/gcc/arm-none-eabi/4.8.4/../../../../arm-none-eabi/lib/armv7-m\libc.a(lib_a-init.o)
                              c:/program files (x86)/atmel/atmel toolchain/arm gcc/native/4.8.1437/arm-gnu-toolchain/bin/../lib/gcc/arm-none-eabi/4.8.4/../../../../arm-none-eabi/lib/armv7-m/crt0.o (__libc_init_array)
c:/program files (x86)/atmel/atmel toolchain/arm gcc/native/4.8.1437/arm-gnu-toolchain/bin/../lib/gcc/arm-none-eabi/4.8.4/../../../../arm-none-eabi/lib/armv7-m\libc.a(lib_a-memcmp.o)
                              src/asf/thirdparty/FreeRTOS/tasks.o (memcmp)
c:/program files (x86)/atmel/atmel toolchain/arm gcc/native/4.8.1437/arm-gnu-toolchain/bin/../lib/gcc/arm-none-eabi/4.8.4/../../../../arm-none-eabi/lib/armv7-m\libc.a(lib_a-memcpy.o)
                              src/asf/thirdparty/FreeRTOS/queue.o (memcpy)
c:/program files (x86)/atmel/atmel toolchain/arm gcc/native/4.8.1437/arm-gnu-toolchain/bin/../lib/gcc/arm-none-eabi/4.8.4/../../../../arm-none-eabi/lib/armv7-m\libc.a(lib_a-memset.o)
                              c:/program files (x86)/atmel/atmel toolchain/arm gcc/native/4.8.1437/arm-gnu-toolchain/bin/../lib/gcc/arm-none-eabi/4.8.4/../../../../arm-none-eabi/lib/armv7-m/crt0.o (memset)
c:/program files (x86)/atmel/atmel toolchain/arm gcc/native/4.8.1437/arm-gnu-toolchain/bin/../lib/gcc/arm-none-eabi/4.8.4/../../../../arm-none-eabi/lib/armv7-m\libc.a(lib_a-__call_atexit.o)
                              c:/program files (x86)/atmel/atmel toolchain/arm gcc/native/4.8.1437/arm-gnu-toolchain/bin/../lib/gcc/arm-none-eabi/4.8.4/../../../../arm-none-eabi/lib/armv7-m\libc.a(lib_a-exit.o) (__call_exitprocs)
c:/program files (x86)/atmel/atmel toolchain/arm gcc/native/4.8.1437/arm-gnu-toolchain/bin/../lib/gcc/arm-none-eabi/4.8.4/../../../../arm-none-eabi/lib/armv7-m\libc.a(lib_a-atexit.o)
                              c:/program files (x86)/atmel/atmel toolchain/arm gcc/native/4.8.1437/arm-gnu-toolchain/bin/../lib/gcc/arm-none-eabi/4.8.4/../../../../arm-none-eabi/lib/armv7-m\libc.a(lib_a-__call_atexit.o) (atexit)
c:/program files (x86)/atmel/atmel toolchain/arm gcc/native/4.8.1437/arm-gnu-toolchain/bin/../lib/gcc/arm-none-eabi/4.8.4/../../../../arm-none-eabi/lib/armv7-m\libc.a(lib_a-fini.o)
                              c:/program files (x86)/atmel/atmel toolchain/arm gcc/native/4.8.1437/arm-gnu-toolchain/bin/../lib/gcc/arm-none-eabi/4.8.4/../../../../arm-none-eabi/lib/armv7-m\libc.a(lib_a-__call_atexit.o) (__libc_fini_array)
c:/program files (x86)/atmel/atmel toolchain/arm gcc/native/4.8.1437/arm-gnu-toolchain/bin/../lib/gcc/arm-none-eabi/4.8.4/../../../../arm-none-eabi/lib/armv7-m\libc.a(lib_a-__atexit.o)
                              c:/program files (x86)/atmel/atmel toolchain/arm gcc/native/4.8.1437/arm-gnu-toolchain/bin/../lib/gcc/arm-none-eabi/4.8.4/../../../../arm-none-eabi/lib/armv7-m\libc.a(lib_a-atexit.o) (__register_exitproc)

Allocating common symbols
Common symbol       size              file

xCreatedTask        0x4               src/Common-Demo-Source/death.o
xSuspendedTestQueue
                    0x4               src/Common-Demo-Source/dynamic.o

Discarded input sections

 .text          0x00000000        0x0 c:/program files (x86)/atmel/atmel toolchain/arm gcc/native/4.8.1437/arm-gnu-toolchain/bin/../lib/gcc/arm-none-eabi/4.8.4/armv7-m/crti.o
 .data          0x00000000        0x0 c:/program files (x86)/atmel/atmel toolchain/arm gcc/native/4.8.1437/arm-gnu-toolchain/bin/../lib/gcc/arm-none-eabi/4.8.4/armv7-m/crti.o
 .bss           0x00000000        0x0 c:/program files (x86)/atmel/atmel toolchain/arm gcc/native/4.8.1437/arm-gnu-toolchain/bin/../lib/gcc/arm-none-eabi/4.8.4/armv7-m/crti.o
 .data          0x00000000        0x4 c:/program files (x86)/atmel/atmel toolchain/arm gcc/native/4.8.1437/arm-gnu-toolchain/bin/../lib/gcc/arm-none-eabi/4.8.4/armv7-m/crtbegin.o
 .text          0x00000000       0x74 c:/program files (x86)/atmel/atmel toolchain/arm gcc/native/4.8.1437/arm-gnu-toolchain/bin/../lib/gcc/arm-none-eabi/4.8.4/../../../../arm-none-eabi/lib/armv7-m/crt0.o
[...]
Memory Configuration

Name             Origin             Length             Attributes
rom              0x00080000         0x00080000         xr
sram0            0x20000000         0x00010000         xrw
sram1            0x20080000         0x00008000         xrw
ram              0x20070000         0x00018000         xrw
*default*        0x00000000         0xffffffff

Linker script and memory map

LOAD c:/program files (x86)/atmel/atmel toolchain/arm gcc/native/4.8.1437/arm-gnu-toolchain/bin/../lib/gcc/arm-none-eabi/4.8.4/armv7-m/crti.o
LOAD c:/program files (x86)/atmel/atmel toolchain/arm gcc/native/4.8.1437/arm-gnu-toolchain/bin/../lib/gcc/arm-none-eabi/4.8.4/armv7-m/crtbegin.o
LOAD c:/program files (x86)/atmel/atmel toolchain/arm gcc/native/4.8.1437/arm-gnu-toolchain/bin/../lib/gcc/arm-none-eabi/4.8.4/../../../../arm-none-eabi/lib/armv7-m/crt0.o
LOAD src/asf/common/services/clock/sam3x/sysclk.o
LOAD src/asf/common/utils/interrupt/interrupt_sam_nvic.o
LOAD src/asf/sam/boards/sam3x_ek/init.o
LOAD src/asf/sam/drivers/pio/pio.o
LOAD src/asf/sam/drivers/pio/pio_handler.o
LOAD src/asf/sam/drivers/pmc/pmc.o
LOAD src/asf/sam/drivers/usart/usart.o
LOAD src/asf/sam/utils/cmsis/sam3x/source/templates/exceptions.o
LOAD src/asf/sam/utils/cmsis/sam3x/source/templates/gcc/startup_sam3x.o
LOAD src/asf/sam/utils/cmsis/sam3x/source/templates/system_sam3x.o
LOAD src/asf/thirdparty/FreeRTOS/list.o
LOAD src/asf/thirdparty/FreeRTOS/portable/GCC/ARM_CM3/port.o
LOAD src/asf/thirdparty/FreeRTOS/portable/MemMang/heap_4.o
LOAD src/asf/thirdparty/FreeRTOS/queue.o
LOAD src/asf/thirdparty/FreeRTOS/tasks.o
LOAD src/asf/thirdparty/FreeRTOS/timers.o
LOAD src/Common-Demo-Source/BlockQ.o
LOAD src/Common-Demo-Source/blocktim.o
LOAD src/Common-Demo-Source/comtest.o
LOAD src/Common-Demo-Source/countsem.o
LOAD src/Common-Demo-Source/death.o
LOAD src/Common-Demo-Source/dynamic.o
LOAD src/Common-Demo-Source/flash_timer.o
LOAD src/Common-Demo-Source/GenQTest.o
LOAD src/Common-Demo-Source/integer.o
LOAD src/Common-Demo-Source/PollQ.o
LOAD src/Common-Demo-Source/recmutex.o
LOAD src/Common-Demo-Source/semtest.o
LOAD src/main.o
LOAD src/main_blinky.o
LOAD src/main_full.o
LOAD src/ParTest.o
LOAD src/serial.o
START GROUP
END GROUP
START GROUP
LOAD c:/program files (x86)/atmel/atmel toolchain/arm gcc/native/4.8.1437/arm-gnu-toolchain/bin/../lib/gcc/arm-none-eabi/4.8.4/armv7-m\libgcc.a
LOAD c:/program files (x86)/atmel/atmel toolchain/arm gcc/native/4.8.1437/arm-gnu-toolchain/bin/../lib/gcc/arm-none-eabi/4.8.4/../../../../arm-none-eabi/lib/armv7-m\libc.a
END GROUP
LOAD c:/program files (x86)/atmel/atmel toolchain/arm gcc/native/4.8.1437/arm-gnu-toolchain/bin/../lib/gcc/arm-none-eabi/4.8.4/armv7-m/crtend.o
LOAD c:/program files (x86)/atmel/atmel toolchain/arm gcc/native/4.8.1437/arm-gnu-toolchain/bin/../lib/gcc/arm-none-eabi/4.8.4/armv7-m/crtn.o
                0x00002000                STACK_SIZE = 0x2000

.text           0x00080000     0x1ec0
                0x00080000                . = ALIGN (0x4)
                0x00080000                _sfixed = .
 *(.vectors .vectors.*)
 .vectors       0x00080000       0xf4 src/asf/sam/utils/cmsis/sam3x/source/templates/gcc/startup_sam3x.o
                0x00080000                exception_table
 *(.text .text.* .gnu.linkonce.t.*)
 .text          0x000800f4       0x54 c:/program files (x86)/atmel/atmel toolchain/arm gcc/native/4.8.1437/arm-gnu-toolchain/bin/../lib/gcc/arm-none-eabi/4.8.4/armv7-m/crtbegin.o
 .text.osc_enable
                0x00080148       0x80 src/asf/common/services/clock/sam3x/sysclk.o
 .text.osc_is_ready
                0x000801c8       0x70 src/asf/common/services/clock/sam3x/sysclk.o
 .text.osc_get_rate
                0x00080238       0x74 src/asf/common/services/clock/sam3x/sysclk.o
 .text.osc_wait_ready
                0x000802ac       0x2c src/asf/common/services/clock/sam3x/sysclk.o
 .text.pll_config_init
                0x000802d8       0x68 src/asf/common/services/clock/sam3x/sysclk.o
 .text.pll_enable
                0x00080340       0x3c src/asf/common/services/clock/sam3x/sysclk.o
 .text.pll_is_locked
                0x0008037c       0x2c src/asf/common/services/clock/sam3x/sysclk.o
 .text.pll_enable_source
                0x000803a8       0x34 src/asf/common/services/clock/sam3x/sysclk.o
 .text.pll_wait_for_lock
                0x000803dc       0x24 src/asf/common/services/clock/sam3x/sysclk.o
 .text.sysclk_get_main_hz
                0x00080400       0x1c src/asf/common/services/clock/sam3x/sysclk.o
 .text.sysclk_get_cpu_hz
                0x0008041c       0x14 src/asf/common/services/clock/sam3x/sysclk.o
 .text.sysclk_init
                0x00080430       0x68 src/asf/common/services/clock/sam3x/sysclk.o
                0x00080430                sysclk_init
 .text.board_init
                0x00080498       0x88 src/asf/sam/boards/sam3x_ek/init.o
                0x00080498                board_init
 .text.pio_pull_up
                0x00080520       0x2c src/asf/sam/drivers/pio/pio.o
                0x00080520                pio_pull_up
 .text.pio_set_peripheral
                0x0008054c       0x80 src/asf/sam/drivers/pio/pio.o
                0x0008054c                pio_set_peripheral
 .text.pio_set_input
                0x000805cc       0x7c src/asf/sam/drivers/pio/pio.o
                0x000805cc                pio_set_input
 .text.pio_set_output
                0x00080648       0x64 src/asf/sam/drivers/pio/pio.o
                0x00080648                pio_set_output
 .text.pio_disable_interrupt
                0x000806ac       0x1c src/asf/sam/drivers/pio/pio.o
                0x000806ac                pio_disable_interrupt
 .text.pio_get_interrupt_status
                0x000806c8       0x18 src/asf/sam/drivers/pio/pio.o
                0x000806c8                pio_get_interrupt_status
 .text.pio_get_interrupt_mask
                0x000806e0       0x18 src/asf/sam/drivers/pio/pio.o
                0x000806e0                pio_get_interrupt_mask
 .text.pio_set_pin_high
                0x000806f8       0x34 src/asf/sam/drivers/pio/pio.o
                0x000806f8                pio_set_pin_high
 .text.pio_set_pin_low
                0x0008072c       0x34 src/asf/sam/drivers/pio/pio.o
                0x0008072c                pio_set_pin_low
 .text.pio_toggle_pin
                0x00080760       0x60 src/asf/sam/drivers/pio/pio.o
                0x00080760                pio_toggle_pin
 .text.pio_configure_pin
                0x000807c0      0x13c src/asf/sam/drivers/pio/pio.o
                0x000807c0                pio_configure_pin
 .text.pio_handler_process
                0x000808fc       0xa4 src/asf/sam/drivers/pio/pio_handler.o
                0x000808fc                pio_handler_process
 .text.PIOA_Handler
                0x000809a0       0x18 src/asf/sam/drivers/pio/pio_handler.o
                0x000809a0                PIOA_Handler
 .text.PIOB_Handler
                0x000809b8       0x18 src/asf/sam/drivers/pio/pio_handler.o
                0x000809b8                PIOB_Handler
 .text.PIOC_Handler
                0x000809d0       0x18 src/asf/sam/drivers/pio/pio_handler.o
                0x000809d0                PIOC_Handler
 .text.PIOD_Handler
                0x000809e8       0x18 src/asf/sam/drivers/pio/pio_handler.o
                0x000809e8                PIOD_Handler
 .text.pmc_switch_mck_to_pllack
                0x00080a00       0x84 src/asf/sam/drivers/pmc/pmc.o
                0x00080a00                pmc_switch_mck_to_pllack
 .text.pmc_switch_sclk_to_32kxtal
                0x00080a84       0x3c src/asf/sam/drivers/pmc/pmc.o
                0x00080a84                pmc_switch_sclk_to_32kxtal
 .text.pmc_osc_is_ready_32kxtal
                0x00080ac0       0x34 src/asf/sam/drivers/pmc/pmc.o
                0x00080ac0                pmc_osc_is_ready_32kxtal
 .text.pmc_switch_mainck_to_fastrc
                0x00080af4       0xa0 src/asf/sam/drivers/pmc/pmc.o
                0x00080af4                pmc_switch_mainck_to_fastrc
 .text.pmc_switch_mainck_to_xtal
                0x00080b94       0x6c src/asf/sam/drivers/pmc/pmc.o
                0x00080b94                pmc_switch_mainck_to_xtal
 .text.pmc_osc_is_ready_mainck
                0x00080c00       0x1c src/asf/sam/drivers/pmc/pmc.o
                0x00080c00                pmc_osc_is_ready_mainck
 .text.pmc_disable_pllack
                0x00080c1c       0x18 src/asf/sam/drivers/pmc/pmc.o
                0x00080c1c                pmc_disable_pllack
 .text.pmc_is_locked_pllack
                0x00080c34       0x1c src/asf/sam/drivers/pmc/pmc.o
                0x00080c34                pmc_is_locked_pllack
 .text.pmc_is_locked_upll
                0x00080c50       0x1c src/asf/sam/drivers/pmc/pmc.o
                0x00080c50                pmc_is_locked_upll
 .text.usart_disable_interrupt
                0x00080c6c       0x1c src/asf/sam/drivers/usart/usart.o
                0x00080c6c                usart_disable_interrupt
 .text.usart_get_interrupt_mask
                0x00080c88       0x18 src/asf/sam/drivers/usart/usart.o
                0x00080c88                usart_get_interrupt_mask
 .text.usart_get_status
                0x00080ca0       0x18 src/asf/sam/drivers/usart/usart.o
                0x00080ca0                usart_get_status
 .text.usart_putchar
                0x00080cb8       0x44 src/asf/sam/drivers/usart/usart.o
                0x00080cb8                usart_putchar
 .text.usart_getchar
                0x00080cfc       0x48 src/asf/sam/drivers/usart/usart.o
                0x00080cfc                usart_getchar
 .text.Dummy_Handler
                0x00080d44        0x8 src/asf/sam/utils/cmsis/sam3x/source/templates/exceptions.o
                0x00080d44                DACC_Handler
                0x00080d44                DebugMon_Handler
                0x00080d44                DMAC_Handler
                0x00080d44                TRNG_Handler
                0x00080d44                HardFault_Handler
                0x00080d44                TC2_Handler
                0x00080d44                USART3_Handler
                0x00080d44                TWI1_Handler
                0x00080d44                NMI_Handler
                0x00080d44                TC7_Handler
                0x00080d44                ADC_Handler
                0x00080d44                SMC_Handler
                0x00080d44                RTT_Handler
                0x00080d44                EFC1_Handler
                0x00080d44                RTC_Handler
                0x00080d44                UsageFault_Handler
                0x00080d44                TC6_Handler
                0x00080d44                WDT_Handler
                0x00080d44                CAN0_Handler
                0x00080d44                TC4_Handler
                0x00080d44                TC1_Handler
                0x00080d44                HSMCI_Handler
                0x00080d44                TC3_Handler
                0x00080d44                Dummy_Handler
                0x00080d44                TWI0_Handler
                0x00080d44                USART1_Handler
                0x00080d44                SSC_Handler
                0x00080d44                EFC0_Handler
                0x00080d44                PMC_Handler
                0x00080d44                PWM_Handler
                0x00080d44                CAN1_Handler
                0x00080d44                MemManage_Handler
                0x00080d44                SUPC_Handler
                0x00080d44                TC8_Handler
                0x00080d44                USART2_Handler
                0x00080d44                EMAC_Handler
                0x00080d44                UART_Handler
                0x00080d44                BusFault_Handler
                0x00080d44                RSTC_Handler
                0x00080d44                TC0_Handler
                0x00080d44                TC5_Handler
                0x00080d44                UOTGHS_Handler
                0x00080d44                SPI0_Handler
 .text.Reset_Handler
                0x00080d4c       0xa8 src/asf/sam/utils/cmsis/sam3x/source/templates/gcc/startup_sam3x.o
                0x00080d4c                Reset_Handler
 .text.SystemCoreClockUpdate
                0x00080df4      0x180 src/asf/sam/utils/cmsis/sam3x/source/templates/system_sam3x.o
                0x00080df4                SystemCoreClockUpdate
 .text.system_init_flash
                0x00080f74       0xa0 src/asf/sam/utils/cmsis/sam3x/source/templates/system_sam3x.o
                0x00080f74                system_init_flash
 .text.vListInsertEnd
                0x00081014       0x48 src/asf/thirdparty/FreeRTOS/list.o
                0x00081014                vListInsertEnd
 .text.uxListRemove
                0x0008105c       0x54 src/asf/thirdparty/FreeRTOS/list.o
                0x0008105c                uxListRemove
 .text.SVC_Handler
                0x000810b0       0x24 src/asf/thirdparty/FreeRTOS/portable/GCC/ARM_CM3/port.o
                0x000810b0                SVC_Handler
 .text.vPortEnterCritical
                0x000810d4       0x44 src/asf/thirdparty/FreeRTOS/portable/GCC/ARM_CM3/port.o
                0x000810d4                vPortEnterCritical
 .text.vPortExitCritical
                0x00081118       0x38 src/asf/thirdparty/FreeRTOS/portable/GCC/ARM_CM3/port.o
                0x00081118                vPortExitCritical
 .text.ulPortSetInterruptMask
                0x00081150       0x14 src/asf/thirdparty/FreeRTOS/portable/GCC/ARM_CM3/port.o
                0x00081150                ulPortSetInterruptMask
 .text.vPortClearInterruptMask
                0x00081164        0x8 src/asf/thirdparty/FreeRTOS/portable/GCC/ARM_CM3/port.o
                0x00081164                vPortClearInterruptMask
 .text.PendSV_Handler
                0x0008116c       0x44 src/asf/thirdparty/FreeRTOS/portable/GCC/ARM_CM3/port.o
                0x0008116c                PendSV_Handler
 .text.SysTick_Handler
                0x000811b0       0x34 src/asf/thirdparty/FreeRTOS/portable/GCC/ARM_CM3/port.o
                0x000811b0                SysTick_Handler
 .text.vPortValidateInterruptPriority
                0x000811e4       0x5c src/asf/thirdparty/FreeRTOS/portable/GCC/ARM_CM3/port.o
                0x000811e4                vPortValidateInterruptPriority
 .text.xQueueGenericSendFromISR
                0x00081240       0xfc src/asf/thirdparty/FreeRTOS/queue.o
                0x00081240                xQueueGenericSendFromISR
 .text.xQueueReceiveFromISR
                0x0008133c       0xc8 src/asf/thirdparty/FreeRTOS/queue.o
                0x0008133c                xQueueReceiveFromISR
 .text.prvCopyDataToQueue
                0x00081404       0xe4 src/asf/thirdparty/FreeRTOS/queue.o
 .text.prvCopyDataFromQueue
                0x000814e8       0x50 src/asf/thirdparty/FreeRTOS/queue.o
 .text.xTaskIncrementTick
                0x00081538      0x17c src/asf/thirdparty/FreeRTOS/tasks.o
                0x00081538                xTaskIncrementTick
 .text.vTaskSwitchContext
                0x000816b4       0xfc src/asf/thirdparty/FreeRTOS/tasks.o
                0x000816b4                vTaskSwitchContext
 .text.xTaskRemoveFromEventList
                0x000817b0       0xc0 src/asf/thirdparty/FreeRTOS/tasks.o
                0x000817b0                xTaskRemoveFromEventList
 .text.prvResetNextTaskUnblockTime
                0x00081870       0x48 src/asf/thirdparty/FreeRTOS/tasks.o
 .text.xTaskPriorityDisinherit
                0x000818b8       0xe4 src/asf/thirdparty/FreeRTOS/tasks.o
                0x000818b8                xTaskPriorityDisinherit
 .text.NVIC_SetPriorityGrouping
                0x0008199c       0x48 src/main.o
 .text.main     0x000819e4       0x30 src/main.o
                0x000819e4                main
 .text.prvSetupHardware
                0x00081a14       0x28 src/main.o
 .text.vApplicationStackOverflowHook
                0x00081a3c       0x14 src/main.o
                0x00081a3c                vApplicationStackOverflowHook
 .text.vParTestInitialise
                0x00081a50       0x44 src/ParTest.o
                0x00081a50                vParTestInitialise
 .text.vParTestSetLED
                0x00081a94       0x74 src/ParTest.o
                0x00081a94                vParTestSetLED
 .text.USART0_Handler
                0x00081b08       0xd0 src/serial.o
                0x00081b08                USART0_Handler
 .text.__libc_init_array
                0x00081bd8       0x50 c:/program files (x86)/atmel/atmel toolchain/arm gcc/native/4.8.1437/arm-gnu-toolchain/bin/../lib/gcc/arm-none-eabi/4.8.4/../../../../arm-none-eabi/lib/armv7-m\libc.a(lib_a-init.o)
                0x00081bd8                __libc_init_array
 .text.memcmp   0x00081c28       0x68 c:/program files (x86)/atmel/atmel toolchain/arm gcc/native/4.8.1437/arm-gnu-toolchain/bin/../lib/gcc/arm-none-eabi/4.8.4/../../../../arm-none-eabi/lib/armv7-m\libc.a(lib_a-memcmp.o)
                0x00081c28                memcmp
 .text          0x00081c90       0xec c:/program files (x86)/atmel/atmel toolchain/arm gcc/native/4.8.1437/arm-gnu-toolchain/bin/../lib/gcc/arm-none-eabi/4.8.4/../../../../arm-none-eabi/lib/armv7-m\libc.a(lib_a-memcpy.o)
                0x00081c90                memcpy
 .text.startup.register_fini
                0x00081d7c       0x14 c:/program files (x86)/atmel/atmel toolchain/arm gcc/native/4.8.1437/arm-gnu-toolchain/bin/../lib/gcc/arm-none-eabi/4.8.4/../../../../arm-none-eabi/lib/armv7-m\libc.a(lib_a-__call_atexit.o)
 .text.atexit   0x00081d90        0xc c:/program files (x86)/atmel/atmel toolchain/arm gcc/native/4.8.1437/arm-gnu-toolchain/bin/../lib/gcc/arm-none-eabi/4.8.4/../../../../arm-none-eabi/lib/armv7-m\libc.a(lib_a-atexit.o)
                0x00081d90                atexit
 .text.__libc_fini_array
                0x00081d9c       0x30 c:/program files (x86)/atmel/atmel toolchain/arm gcc/native/4.8.1437/arm-gnu-toolchain/bin/../lib/gcc/arm-none-eabi/4.8.4/../../../../arm-none-eabi/lib/armv7-m\libc.a(lib_a-fini.o)
                0x00081d9c                __libc_fini_array
 .text.__register_exitproc
                0x00081dcc       0xa8 c:/program files (x86)/atmel/atmel toolchain/arm gcc/native/4.8.1437/arm-gnu-toolchain/bin/../lib/gcc/arm-none-eabi/4.8.4/../../../../arm-none-eabi/lib/armv7-m\libc.a(lib_a-__atexit.o)
                0x00081dcc                __register_exitproc
 *(.glue_7t)
 .glue_7t       0x00000000        0x0 linker stubs
 *(.glue_7)
 .glue_7        0x00000000        0x0 linker stubs
 *(.rodata .rodata* .gnu.linkonce.r.*)
 .rodata.ucExpectedStackBytes.5295
                0x00081e74       0x14 src/asf/thirdparty/FreeRTOS/tasks.o
 .rodata.ulLED  0x00081e88        0xc src/ParTest.o
 .rodata.str1.4
                0x00081e94        0x4 c:/program files (x86)/atmel/atmel toolchain/arm gcc/native/4.8.1437/arm-gnu-toolchain/bin/../lib/gcc/arm-none-eabi/4.8.4/../../../../arm-none-eabi/lib/armv7-m\libc.a(lib_a-impure.o)
 .rodata._global_impure_ptr
                0x00081e98        0x4 c:/program files (x86)/atmel/atmel toolchain/arm gcc/native/4.8.1437/arm-gnu-toolchain/bin/../lib/gcc/arm-none-eabi/4.8.4/../../../../arm-none-eabi/lib/armv7-m\libc.a(lib_a-impure.o)
                0x00081e98                _global_impure_ptr
 *(.ARM.extab* .gnu.linkonce.armextab.*)
                0x00081e9c                . = ALIGN (0x4)
 *(.init)
 .init          0x00081e9c        0x4 c:/program files (x86)/atmel/atmel toolchain/arm gcc/native/4.8.1437/arm-gnu-toolchain/bin/../lib/gcc/arm-none-eabi/4.8.4/armv7-m/crti.o
                0x00081e9c                _init
 .init          0x00081ea0        0x8 c:/program files (x86)/atmel/atmel toolchain/arm gcc/native/4.8.1437/arm-gnu-toolchain/bin/../lib/gcc/arm-none-eabi/4.8.4/armv7-m/crtn.o
                0x00081ea8                . = ALIGN (0x4)
                0x00081ea8                __preinit_array_start = .
 *(.preinit_array)
                0x00081ea8                __preinit_array_end = .
                0x00081ea8                . = ALIGN (0x4)
                0x00081ea8                __init_array_start = .
 *(SORT(.init_array.*))
 .init_array.00000
                0x00081ea8        0x4 c:/program files (x86)/atmel/atmel toolchain/arm gcc/native/4.8.1437/arm-gnu-toolchain/bin/../lib/gcc/arm-none-eabi/4.8.4/../../../../arm-none-eabi/lib/armv7-m\libc.a(lib_a-__call_atexit.o)
 *(.init_array)
 .init_array    0x00081eac        0x4 c:/program files (x86)/atmel/atmel toolchain/arm gcc/native/4.8.1437/arm-gnu-toolchain/bin/../lib/gcc/arm-none-eabi/4.8.4/armv7-m/crtbegin.o
                0x00081eb0                __init_array_end = .
                0x00081eb0                . = ALIGN (0x4)
 *crtbegin.o(.ctors)
 *(EXCLUDE_FILE(*crtend.o) .ctors)
 *(SORT(.ctors.*))
 *crtend.o(.ctors)
                0x00081eb0                . = ALIGN (0x4)
 *(.fini)
 .fini          0x00081eb0        0x4 c:/program files (x86)/atmel/atmel toolchain/arm gcc/native/4.8.1437/arm-gnu-toolchain/bin/../lib/gcc/arm-none-eabi/4.8.4/armv7-m/crti.o
                0x00081eb0                _fini
 .fini          0x00081eb4        0x8 c:/program files (x86)/atmel/atmel toolchain/arm gcc/native/4.8.1437/arm-gnu-toolchain/bin/../lib/gcc/arm-none-eabi/4.8.4/armv7-m/crtn.o
                0x00081ebc                . = ALIGN (0x4)
                0x00081ebc                __fini_array_start = .
 *(.fini_array)
 .fini_array    0x00081ebc        0x4 c:/program files (x86)/atmel/atmel toolchain/arm gcc/native/4.8.1437/arm-gnu-toolchain/bin/../lib/gcc/arm-none-eabi/4.8.4/armv7-m/crtbegin.o
 *(SORT(.fini_array.*))
                0x00081ec0                __fini_array_end = .
 *crtbegin.o(.dtors)
 *(EXCLUDE_FILE(*crtend.o) .dtors)
 *(SORT(.dtors.*))
 *crtend.o(.dtors)
                0x00081ec0                . = ALIGN (0x4)
                0x00081ec0                _efixed = .
                0x00081ec0                PROVIDE (__exidx_start, .)

.vfp11_veneer   0x00081ec0        0x0
 .vfp11_veneer  0x00000000        0x0 linker stubs

.v4_bx          0x00081ec0        0x0
 .v4_bx         0x00000000        0x0 linker stubs

.iplt           0x00081ec0        0x0
 .iplt          0x00000000        0x0 c:/program files (x86)/atmel/atmel toolchain/arm gcc/native/4.8.1437/arm-gnu-toolchain/bin/../lib/gcc/arm-none-eabi/4.8.4/armv7-m/crtbegin.o

.eh_frame       0x00081ec0        0x0
 .eh_frame      0x00081ec0        0x0 c:/program files (x86)/atmel/atmel toolchain/arm gcc/native/4.8.1437/arm-gnu-toolchain/bin/../lib/gcc/arm-none-eabi/4.8.4/armv7-m/crtbegin.o

.rel.dyn        0x00081ec0        0x0
 .rel.iplt      0x00000000        0x0 c:/program files (x86)/atmel/atmel toolchain/arm gcc/native/4.8.1437/arm-gnu-toolchain/bin/../lib/gcc/arm-none-eabi/4.8.4/armv7-m/crtbegin.o

.jcr            0x00081ec0        0x0
 .jcr           0x00081ec0        0x0 c:/program files (x86)/atmel/atmel toolchain/arm gcc/native/4.8.1437/arm-gnu-toolchain/bin/../lib/gcc/arm-none-eabi/4.8.4/armv7-m/crtbegin.o

.igot.plt       0x00081ec0        0x0
 .igot.plt      0x00000000        0x0 c:/program files (x86)/atmel/atmel toolchain/arm gcc/native/4.8.1437/arm-gnu-toolchain/bin/../lib/gcc/arm-none-eabi/4.8.4/armv7-m/crtbegin.o

.ARM.exidx
 *(.ARM.exidx* .gnu.linkonce.armexidx.*)
                0x00081ec0                PROVIDE (__exidx_end, .)
                0x00081ec0                . = ALIGN (0x4)
                0x00081ec0                _etext = .

.relocate       0x20070000      0x438 load address 0x00081ec0
                0x20070000                . = ALIGN (0x4)
                0x20070000                _srelocate = .
 *(.ramfunc .ramfunc.*)
 *(.data .data.*)
 .data.SystemCoreClock
                0x20070000        0x4 src/asf/sam/utils/cmsis/sam3x/source/templates/system_sam3x.o
                0x20070000                SystemCoreClock
 .data.uxCriticalNesting
                0x20070004        0x4 src/asf/thirdparty/FreeRTOS/portable/GCC/ARM_CM3/port.o
 .data.xNextTaskUnblockTime
                0x20070008        0x4 src/asf/thirdparty/FreeRTOS/tasks.o
 *fill*         0x2007000c        0x4 
 .data.impure_data
                0x20070010      0x428 c:/program files (x86)/atmel/atmel toolchain/arm gcc/native/4.8.1437/arm-gnu-toolchain/bin/../lib/gcc/arm-none-eabi/4.8.4/../../../../arm-none-eabi/lib/armv7-m\libc.a(lib_a-impure.o)
                0x20070438                . = ALIGN (0x4)
                0x20070438                _erelocate = .

.bss            0x20070438      0x138 load address 0x000822f8
                0x20070438                . = ALIGN (0x4)
                0x20070438                _sbss = .
                0x20070438                _szero = .
 *(.bss .bss.*)
 .bss           0x20070438       0x1c c:/program files (x86)/atmel/atmel toolchain/arm gcc/native/4.8.1437/arm-gnu-toolchain/bin/../lib/gcc/arm-none-eabi/4.8.4/armv7-m/crtbegin.o
 .bss.gs_interrupt_sources
                0x20070454       0x70 src/asf/sam/drivers/pio/pio_handler.o
 .bss.ucMaxSysCallPriority
                0x200704c4        0x1 src/asf/thirdparty/FreeRTOS/portable/GCC/ARM_CM3/port.o
 *fill*         0x200704c5        0x3 
 .bss.ulMaxPRIGROUPValue
                0x200704c8        0x4 src/asf/thirdparty/FreeRTOS/portable/GCC/ARM_CM3/port.o
 .bss.pxCurrentTCB
                0x200704cc        0x4 src/asf/thirdparty/FreeRTOS/tasks.o
                0x200704cc                pxCurrentTCB
 .bss.pxReadyTasksLists
                0x200704d0       0x64 src/asf/thirdparty/FreeRTOS/tasks.o
 .bss.pxDelayedTaskList
                0x20070534        0x4 src/asf/thirdparty/FreeRTOS/tasks.o
 .bss.pxOverflowDelayedTaskList
                0x20070538        0x4 src/asf/thirdparty/FreeRTOS/tasks.o
 .bss.xPendingReadyList
                0x2007053c       0x14 src/asf/thirdparty/FreeRTOS/tasks.o
 .bss.xTickCount
                0x20070550        0x4 src/asf/thirdparty/FreeRTOS/tasks.o
 .bss.uxTopReadyPriority
                0x20070554        0x4 src/asf/thirdparty/FreeRTOS/tasks.o
 .bss.uxPendedTicks
                0x20070558        0x4 src/asf/thirdparty/FreeRTOS/tasks.o
 .bss.xYieldPending
                0x2007055c        0x4 src/asf/thirdparty/FreeRTOS/tasks.o
 .bss.xNumOfOverflows
                0x20070560        0x4 src/asf/thirdparty/FreeRTOS/tasks.o
 .bss.uxSchedulerSuspended
                0x20070564        0x4 src/asf/thirdparty/FreeRTOS/tasks.o
 .bss.xRxedChars
                0x20070568        0x4 src/serial.o
 .bss.xCharsForTx
                0x2007056c        0x4 src/serial.o
 *(COMMON)
                0x20070570                . = ALIGN (0x4)
                0x20070570                _ebss = .
                0x20070570                _ezero = .

.stack          0x20070570     0x2000 load address 0x00082430
                0x20070570                . = ALIGN (0x8)
                0x20070570                _sstack = .
                0x20072570                . = (. + STACK_SIZE)
 *fill*         0x20070570     0x2000 
                0x20072570                . = ALIGN (0x8)
                0x20072570                _estack = .
                0x20072570                . = ALIGN (0x4)
                0x20072570                _end = .
OUTPUT(RTOSDemo.elf elf32-littlearm)

.ARM.attributes
                0x00000000       0x29
 .ARM.attributes
                0x00000000       0x1d c:/program files (x86)/atmel/atmel toolchain/arm gcc/native/4.8.1437/arm-gnu-toolchain/bin/../lib/gcc/arm-none-eabi/4.8.4/armv7-m/crti.o
 .ARM.attributes
                0x0000001d       0x2d c:/program files (x86)/atmel/atmel toolchain/arm gcc/native/4.8.1437/arm-gnu-toolchain/bin/../lib/gcc/arm-none-eabi/4.8.4/armv7-m/crtbegin.o
 .ARM.attributes
                0x0000004a       0x33 src/asf/common/services/clock/sam3x/sysclk.o
 .ARM.attributes
                0x0000007d       0x33 src/asf/sam/boards/sam3x_ek/init.o
 .ARM.attributes
                0x000000b0       0x33 src/asf/sam/drivers/pio/pio.o
 .ARM.attributes
                0x000000e3       0x33 src/asf/sam/drivers/pio/pio_handler.o
 .ARM.attributes
                0x00000116       0x33 src/asf/sam/drivers/pmc/pmc.o
 .ARM.attributes
                0x00000149       0x33 src/asf/sam/drivers/usart/usart.o
 .ARM.attributes
                0x0000017c       0x33 src/asf/sam/utils/cmsis/sam3x/source/templates/exceptions.o
 .ARM.attributes
                0x000001af       0x33 src/asf/sam/utils/cmsis/sam3x/source/templates/gcc/startup_sam3x.o
 .ARM.attributes
                0x000001e2       0x33 src/asf/sam/utils/cmsis/sam3x/source/templates/system_sam3x.o
 .ARM.attributes
                0x00000215       0x33 src/asf/thirdparty/FreeRTOS/list.o
 .ARM.attributes
                0x00000248       0x33 src/asf/thirdparty/FreeRTOS/portable/GCC/ARM_CM3/port.o
 .ARM.attributes
                0x0000027b       0x33 src/asf/thirdparty/FreeRTOS/queue.o
 .ARM.attributes
                0x000002ae       0x33 src/asf/thirdparty/FreeRTOS/tasks.o
 .ARM.attributes
                0x000002e1       0x33 src/main.o
 .ARM.attributes
                0x00000314       0x33 src/ParTest.o
 .ARM.attributes
                0x00000347       0x33 src/serial.o
 .ARM.attributes
                0x0000037a       0x2d c:/program files (x86)/atmel/atmel toolchain/arm gcc/native/4.8.1437/arm-gnu-toolchain/bin/../lib/gcc/arm-none-eabi/4.8.4/../../../../arm-none-eabi/lib/armv7-m\libc.a(lib_a-impure.o)
 .ARM.attributes
                0x000003a7       0x2d c:/program files (x86)/atmel/atmel toolchain/arm gcc/native/4.8.1437/arm-gnu-toolchain/bin/../lib/gcc/arm-none-eabi/4.8.4/../../../../arm-none-eabi/lib/armv7-m\libc.a(lib_a-init.o)
 .ARM.attributes
                0x000003d4       0x2d c:/program files (x86)/atmel/atmel toolchain/arm gcc/native/4.8.1437/arm-gnu-toolchain/bin/../lib/gcc/arm-none-eabi/4.8.4/../../../../arm-none-eabi/lib/armv7-m\libc.a(lib_a-memcmp.o)
 .ARM.attributes
                0x00000401       0x1b c:/program files (x86)/atmel/atmel toolchain/arm gcc/native/4.8.1437/arm-gnu-toolchain/bin/../lib/gcc/arm-none-eabi/4.8.4/../../../../arm-none-eabi/lib/armv7-m\libc.a(lib_a-memcpy.o)
 .ARM.attributes
                0x0000041c       0x2d c:/program files (x86)/atmel/atmel toolchain/arm gcc/native/4.8.1437/arm-gnu-toolchain/bin/../lib/gcc/arm-none-eabi/4.8.4/../../../../arm-none-eabi/lib/armv7-m\libc.a(lib_a-__call_atexit.o)
 .ARM.attributes
                0x00000449       0x2d c:/program files (x86)/atmel/atmel toolchain/arm gcc/native/4.8.1437/arm-gnu-toolchain/bin/../lib/gcc/arm-none-eabi/4.8.4/../../../../arm-none-eabi/lib/armv7-m\libc.a(lib_a-atexit.o)
 .ARM.attributes
                0x00000476       0x2d c:/program files (x86)/atmel/atmel toolchain/arm gcc/native/4.8.1437/arm-gnu-toolchain/bin/../lib/gcc/arm-none-eabi/4.8.4/../../../../arm-none-eabi/lib/armv7-m\libc.a(lib_a-fini.o)
 .ARM.attributes
                0x000004a3       0x2d c:/program files (x86)/atmel/atmel toolchain/arm gcc/native/4.8.1437/arm-gnu-toolchain/bin/../lib/gcc/arm-none-eabi/4.8.4/../../../../arm-none-eabi/lib/armv7-m\libc.a(lib_a-__atexit.o)
 .ARM.attributes
                0x000004d0       0x1d c:/program files (x86)/atmel/atmel toolchain/arm gcc/native/4.8.1437/arm-gnu-toolchain/bin/../lib/gcc/arm-none-eabi/4.8.4/armv7-m/crtn.o

.comment        0x00000000       0x5b
 .comment       0x00000000       0x5b src/asf/common/services/clock/sam3x/sysclk.o
                                 0x5c (size before relaxing)
 .comment       0x00000000       0x5c src/asf/sam/boards/sam3x_ek/init.o
 .comment       0x00000000       0x5c src/asf/sam/drivers/pio/pio.o
 .comment       0x00000000       0x5c src/asf/sam/drivers/pio/pio_handler.o
 .comment       0x00000000       0x5c src/asf/sam/drivers/pmc/pmc.o
 .comment       0x00000000       0x5c src/asf/sam/drivers/usart/usart.o
 .comment       0x00000000       0x5c src/asf/sam/utils/cmsis/sam3x/source/templates/exceptions.o
 .comment       0x00000000       0x5c src/asf/sam/utils/cmsis/sam3x/source/templates/gcc/startup_sam3x.o
 .comment       0x00000000       0x5c src/asf/sam/utils/cmsis/sam3x/source/templates/system_sam3x.o
 .comment       0x00000000       0x5c src/asf/thirdparty/FreeRTOS/list.o
 .comment       0x00000000       0x5c src/asf/thirdparty/FreeRTOS/portable/GCC/ARM_CM3/port.o
 .comment       0x00000000       0x5c src/asf/thirdparty/FreeRTOS/queue.o
 .comment       0x00000000       0x5c src/asf/thirdparty/FreeRTOS/tasks.o
 .comment       0x00000000       0x5c src/main.o
 .comment       0x00000000       0x5c src/ParTest.o
 .comment       0x00000000       0x5c src/serial.o

.debug_info     0x00000000     0x85ac
 .debug_info    0x00000000      0x668 src/asf/common/services/clock/sam3x/sysclk.o
 .debug_info    0x00000668      0x1ac src/asf/sam/boards/sam3x_ek/init.o
 .debug_info    0x00000814      0xeac src/asf/sam/drivers/pio/pio.o
 .debug_info    0x000016c0      0xbfa src/asf/sam/drivers/pio/pio_handler.o
 .debug_info    0x000022ba      0xee6 src/asf/sam/drivers/pmc/pmc.o
 .debug_info    0x000031a0     0x1858 src/asf/sam/drivers/usart/usart.o
 .debug_info    0x000049f8       0xba src/asf/sam/utils/cmsis/sam3x/source/templates/exceptions.o
 .debug_info    0x00004ab2      0x361 src/asf/sam/utils/cmsis/sam3x/source/templates/gcc/startup_sam3x.o
 .debug_info    0x00004e13      0x47a src/asf/sam/utils/cmsis/sam3x/source/templates/system_sam3x.o
 .debug_info    0x0000528d      0x2d4 src/asf/thirdparty/FreeRTOS/list.o
 .debug_info    0x00005561      0x371 src/asf/thirdparty/FreeRTOS/portable/GCC/ARM_CM3/port.o
 .debug_info    0x000058d2      0xaf0 src/asf/thirdparty/FreeRTOS/queue.o
 .debug_info    0x000063c2     0x10bc src/asf/thirdparty/FreeRTOS/tasks.o
 .debug_info    0x0000747e      0x3ee src/main.o
 .debug_info    0x0000786c      0x1e1 src/ParTest.o
 .debug_info    0x00007a4d      0xb5f src/serial.o

.debug_abbrev   0x00000000     0x1715
 .debug_abbrev  0x00000000      0x1c3 src/asf/common/services/clock/sam3x/sysclk.o
 .debug_abbrev  0x000001c3       0xc5 src/asf/sam/boards/sam3x_ek/init.o
 .debug_abbrev  0x00000288      0x1a6 src/asf/sam/drivers/pio/pio.o
 .debug_abbrev  0x0000042e      0x1e6 src/asf/sam/drivers/pio/pio_handler.o
 .debug_abbrev  0x00000614      0x20d src/asf/sam/drivers/pmc/pmc.o
 .debug_abbrev  0x00000821      0x1cd src/asf/sam/drivers/usart/usart.o
 .debug_abbrev  0x000009ee       0x6c src/asf/sam/utils/cmsis/sam3x/source/templates/exceptions.o
 .debug_abbrev  0x00000a5a      0x100 src/asf/sam/utils/cmsis/sam3x/source/templates/gcc/startup_sam3x.o
 .debug_abbrev  0x00000b5a       0xf5 src/asf/sam/utils/cmsis/sam3x/source/templates/system_sam3x.o
 .debug_abbrev  0x00000c4f       0xc3 src/asf/thirdparty/FreeRTOS/list.o
 .debug_abbrev  0x00000d12      0x1d2 src/asf/thirdparty/FreeRTOS/portable/GCC/ARM_CM3/port.o
 .debug_abbrev  0x00000ee4      0x16f src/asf/thirdparty/FreeRTOS/queue.o
 .debug_abbrev  0x00001053      0x231 src/asf/thirdparty/FreeRTOS/tasks.o
 .debug_abbrev  0x00001284      0x1b8 src/main.o
 .debug_abbrev  0x0000143c       0xdd src/ParTest.o
 .debug_abbrev  0x00001519      0x1fc src/serial.o

.debug_loc      0x00000000     0x4138
 .debug_loc     0x00000000      0x2f8 src/asf/common/services/clock/sam3x/sysclk.o
 .debug_loc     0x000002f8       0x2c src/asf/sam/boards/sam3x_ek/init.o
 .debug_loc     0x00000324      0x850 src/asf/sam/drivers/pio/pio.o
 .debug_loc     0x00000b74      0x238 src/asf/sam/drivers/pio/pio_handler.o
 .debug_loc     0x00000dac      0xac0 src/asf/sam/drivers/pmc/pmc.o
 .debug_loc     0x0000186c     0x12d0 src/asf/sam/drivers/usart/usart.o
 .debug_loc     0x00002b3c       0x2c src/asf/sam/utils/cmsis/sam3x/source/templates/exceptions.o
 .debug_loc     0x00002b68       0x38 src/asf/sam/utils/cmsis/sam3x/source/templates/gcc/startup_sam3x.o
 .debug_loc     0x00002ba0       0x90 src/asf/sam/utils/cmsis/sam3x/source/templates/system_sam3x.o
 .debug_loc     0x00002c30      0x118 src/asf/thirdparty/FreeRTOS/list.o
 .debug_loc     0x00002d48      0x1dc src/asf/thirdparty/FreeRTOS/portable/GCC/ARM_CM3/port.o
 .debug_loc     0x00002f24      0x508 src/asf/thirdparty/FreeRTOS/queue.o
 .debug_loc     0x0000342c      0x8bc src/asf/thirdparty/FreeRTOS/tasks.o
 .debug_loc     0x00003ce8      0x158 src/main.o
 .debug_loc     0x00003e40       0xa8 src/ParTest.o
 .debug_loc     0x00003ee8      0x250 src/serial.o

.debug_aranges  0x00000000      0xb48
 .debug_aranges
                0x00000000       0x88 src/asf/common/services/clock/sam3x/sysclk.o
 .debug_aranges
                0x00000088       0x20 src/asf/sam/boards/sam3x_ek/init.o
 .debug_aranges
                0x000000a8      0x148 src/asf/sam/drivers/pio/pio.o
 .debug_aranges
                0x000001f0       0x70 src/asf/sam/drivers/pio/pio_handler.o
 .debug_aranges
                0x00000260      0x1c0 src/asf/sam/drivers/pmc/pmc.o
 .debug_aranges
                0x00000420      0x2c8 src/asf/sam/drivers/usart/usart.o
 .debug_aranges
                0x000006e8       0x20 src/asf/sam/utils/cmsis/sam3x/source/templates/exceptions.o
 .debug_aranges
                0x00000708       0x20 src/asf/sam/utils/cmsis/sam3x/source/templates/gcc/startup_sam3x.o
 .debug_aranges
                0x00000728       0x30 src/asf/sam/utils/cmsis/sam3x/source/templates/system_sam3x.o
 .debug_aranges
                0x00000758       0x40 src/asf/thirdparty/FreeRTOS/list.o
 .debug_aranges
                0x00000798       0x90 src/asf/thirdparty/FreeRTOS/portable/GCC/ARM_CM3/port.o
 .debug_aranges
                0x00000828       0xd0 src/asf/thirdparty/FreeRTOS/queue.o
 .debug_aranges
                0x000008f8      0x160 src/asf/thirdparty/FreeRTOS/tasks.o
 .debug_aranges
                0x00000a58       0x50 src/main.o
 .debug_aranges
                0x00000aa8       0x30 src/ParTest.o
 .debug_aranges
                0x00000ad8       0x70 src/serial.o

.debug_ranges   0x00000000      0xa48
 .debug_ranges  0x00000000       0x78 src/asf/common/services/clock/sam3x/sysclk.o
 .debug_ranges  0x00000078       0x10 src/asf/sam/boards/sam3x_ek/init.o
 .debug_ranges  0x00000088      0x138 src/asf/sam/drivers/pio/pio.o
 .debug_ranges  0x000001c0       0x60 src/asf/sam/drivers/pio/pio_handler.o
 .debug_ranges  0x00000220      0x1b0 src/asf/sam/drivers/pmc/pmc.o
 .debug_ranges  0x000003d0      0x2b8 src/asf/sam/drivers/usart/usart.o
 .debug_ranges  0x00000688       0x10 src/asf/sam/utils/cmsis/sam3x/source/templates/exceptions.o
 .debug_ranges  0x00000698       0x10 src/asf/sam/utils/cmsis/sam3x/source/templates/gcc/startup_sam3x.o
 .debug_ranges  0x000006a8       0x20 src/asf/sam/utils/cmsis/sam3x/source/templates/system_sam3x.o
 .debug_ranges  0x000006c8       0x30 src/asf/thirdparty/FreeRTOS/list.o
 .debug_ranges  0x000006f8       0x80 src/asf/thirdparty/FreeRTOS/portable/GCC/ARM_CM3/port.o
 .debug_ranges  0x00000778       0xc0 src/asf/thirdparty/FreeRTOS/queue.o
 .debug_ranges  0x00000838      0x150 src/asf/thirdparty/FreeRTOS/tasks.o
 .debug_ranges  0x00000988       0x40 src/main.o
 .debug_ranges  0x000009c8       0x20 src/ParTest.o
 .debug_ranges  0x000009e8       0x60 src/serial.o

.debug_macro    0x00000000    0x16af2
 .debug_macro   0x00000000      0x52d src/asf/common/services/clock/sam3x/sysclk.o
 .debug_macro   0x0000052d      0x862 src/asf/common/services/clock/sam3x/sysclk.o
 .debug_macro   0x00000d8f      0x231 src/asf/common/services/clock/sam3x/sysclk.o
 .debug_macro   0x00000fc0       0x28 src/asf/common/services/clock/sam3x/sysclk.o
 .debug_macro   0x00000fe8      0x166 src/asf/common/services/clock/sam3x/sysclk.o
 .debug_macro   0x0000114e       0x76 src/asf/common/services/clock/sam3x/sysclk.o
 .debug_macro   0x000011c4       0x16 src/asf/common/services/clock/sam3x/sysclk.o
 .debug_macro   0x000011da      0x6e1 src/asf/common/services/clock/sam3x/sysclk.o
 .debug_macro   0x000018bb       0x16 src/asf/common/services/clock/sam3x/sysclk.o
 .debug_macro   0x000018d1       0x44 src/asf/common/services/clock/sam3x/sysclk.o
 .debug_macro   0x00001915      0x209 src/asf/common/services/clock/sam3x/sysclk.o
 .debug_macro   0x00001b1e       0x20 src/asf/common/services/clock/sam3x/sysclk.o
 .debug_macro   0x00001b3e       0x34 src/asf/common/services/clock/sam3x/sysclk.o
 .debug_macro   0x00001b72       0x18 src/asf/common/services/clock/sam3x/sysclk.o
 .debug_macro   0x00001b8a      0x743 src/asf/common/services/clock/sam3x/sysclk.o
 .debug_macro   0x000022cd      0xab3 src/asf/common/services/clock/sam3x/sysclk.o
 .debug_macro   0x00002d80      0x566 src/asf/common/services/clock/sam3x/sysclk.o
 .debug_macro   0x000032e6      0x2b2 src/asf/common/services/clock/sam3x/sysclk.o
 .debug_macro   0x00003598      0x317 src/asf/common/services/clock/sam3x/sysclk.o
 .debug_macro   0x000038af      0x74c src/asf/common/services/clock/sam3x/sysclk.o
 .debug_macro   0x00003ffb       0x82 src/asf/common/services/clock/sam3x/sysclk.o
 .debug_macro   0x0000407d      0x578 src/asf/common/services/clock/sam3x/sysclk.o
 .debug_macro   0x000045f5       0x1c src/asf/common/services/clock/sam3x/sysclk.o
 .debug_macro   0x00004611      0x6b5 src/asf/common/services/clock/sam3x/sysclk.o
 .debug_macro   0x00004cc6      0x52a src/asf/common/services/clock/sam3x/sysclk.o
 .debug_macro   0x000051f0       0xbe src/asf/common/services/clock/sam3x/sysclk.o
 .debug_macro   0x000052ae     0x233f src/asf/common/services/clock/sam3x/sysclk.o
 .debug_macro   0x000075ed      0x85a src/asf/common/services/clock/sam3x/sysclk.o
 .debug_macro   0x00007e47      0xdc6 src/asf/common/services/clock/sam3x/sysclk.o
 .debug_macro   0x00008c0d       0x7c src/asf/common/services/clock/sam3x/sysclk.o
 .debug_macro   0x00008c89      0x261 src/asf/common/services/clock/sam3x/sysclk.o
 .debug_macro   0x00008eea       0x58 src/asf/common/services/clock/sam3x/sysclk.o
 .debug_macro   0x00008f42      0x9a5 src/asf/common/services/clock/sam3x/sysclk.o
 .debug_macro   0x000098e7      0x246 src/asf/common/services/clock/sam3x/sysclk.o
 .debug_macro   0x00009b2d      0x4dc src/asf/common/services/clock/sam3x/sysclk.o
 .debug_macro   0x0000a009      0x6b0 src/asf/common/services/clock/sam3x/sysclk.o
 .debug_macro   0x0000a6b9      0x59c src/asf/common/services/clock/sam3x/sysclk.o
 .debug_macro   0x0000ac55       0x46 src/asf/common/services/clock/sam3x/sysclk.o
 .debug_macro   0x0000ac9b      0x34a src/asf/common/services/clock/sam3x/sysclk.o
 .debug_macro   0x0000afe5      0x289 src/asf/common/services/clock/sam3x/sysclk.o
 .debug_macro   0x0000b26e     0x14d7 src/asf/common/services/clock/sam3x/sysclk.o
 .debug_macro   0x0000c745      0x7b7 src/asf/common/services/clock/sam3x/sysclk.o
 .debug_macro   0x0000cefc       0x76 src/asf/common/services/clock/sam3x/sysclk.o
 .debug_macro   0x0000cf72       0x82 src/asf/common/services/clock/sam3x/sysclk.o
 .debug_macro   0x0000cff4       0x76 src/asf/common/services/clock/sam3x/sysclk.o
 .debug_macro   0x0000d06a       0x4c src/asf/common/services/clock/sam3x/sysclk.o
 .debug_macro   0x0000d0b6      0x102 src/asf/common/services/clock/sam3x/sysclk.o
 .debug_macro   0x0000d1b8      0x102 src/asf/common/services/clock/sam3x/sysclk.o
 .debug_macro   0x0000d2ba      0x102 src/asf/common/services/clock/sam3x/sysclk.o
 .debug_macro   0x0000d3bc       0x88 src/asf/common/services/clock/sam3x/sysclk.o
 .debug_macro   0x0000d444       0x88 src/asf/common/services/clock/sam3x/sysclk.o
 .debug_macro   0x0000d4cc      0x3b4 src/asf/common/services/clock/sam3x/sysclk.o
 .debug_macro   0x0000d880       0xb8 src/asf/common/services/clock/sam3x/sysclk.o
 .debug_macro   0x0000d938       0xb8 src/asf/common/services/clock/sam3x/sysclk.o
 .debug_macro   0x0000d9f0       0xb8 src/asf/common/services/clock/sam3x/sysclk.o
 .debug_macro   0x0000daa8       0xb8 src/asf/common/services/clock/sam3x/sysclk.o
 .debug_macro   0x0000db60      0x2b8 src/asf/common/services/clock/sam3x/sysclk.o
 .debug_macro   0x0000de18      0x122 src/asf/common/services/clock/sam3x/sysclk.o
 .debug_macro   0x0000df3a      0x222 src/asf/common/services/clock/sam3x/sysclk.o
 .debug_macro   0x0000e15c      0x222 src/asf/common/services/clock/sam3x/sysclk.o
 .debug_macro   0x0000e37e       0x2e src/asf/common/services/clock/sam3x/sysclk.o
 .debug_macro   0x0000e3ac       0xac src/asf/common/services/clock/sam3x/sysclk.o
 .debug_macro   0x0000e458      0x14a src/asf/common/services/clock/sam3x/sysclk.o
 .debug_macro   0x0000e5a2       0x7c src/asf/common/services/clock/sam3x/sysclk.o
 .debug_macro   0x0000e61e      0x202 src/asf/common/services/clock/sam3x/sysclk.o
 .debug_macro   0x0000e820       0x64 src/asf/common/services/clock/sam3x/sysclk.o
 .debug_macro   0x0000e884       0xa6 src/asf/common/services/clock/sam3x/sysclk.o
 .debug_macro   0x0000e92a       0x7c src/asf/common/services/clock/sam3x/sysclk.o
 .debug_macro   0x0000e9a6       0x16 src/asf/common/services/clock/sam3x/sysclk.o
 .debug_macro   0x0000e9bc       0x22 src/asf/common/services/clock/sam3x/sysclk.o
 .debug_macro   0x0000e9de       0x22 src/asf/common/services/clock/sam3x/sysclk.o
 .debug_macro   0x0000ea00      0x112 src/asf/common/services/clock/sam3x/sysclk.o
 .debug_macro   0x0000eb12      0x112 src/asf/common/services/clock/sam3x/sysclk.o
 .debug_macro   0x0000ec24      0x112 src/asf/common/services/clock/sam3x/sysclk.o
 .debug_macro   0x0000ed36      0x112 src/asf/common/services/clock/sam3x/sysclk.o
 .debug_macro   0x0000ee48       0x1c src/asf/common/services/clock/sam3x/sysclk.o
 .debug_macro   0x0000ee64       0x2e src/asf/common/services/clock/sam3x/sysclk.o
 .debug_macro   0x0000ee92       0x22 src/asf/common/services/clock/sam3x/sysclk.o
 .debug_macro   0x0000eeb4       0x1c src/asf/common/services/clock/sam3x/sysclk.o
 .debug_macro   0x0000eed0       0x58 src/asf/common/services/clock/sam3x/sysclk.o
 .debug_macro   0x0000ef28       0x10 src/asf/common/services/clock/sam3x/sysclk.o
 .debug_macro   0x0000ef38      0x273 src/asf/common/services/clock/sam3x/sysclk.o
 .debug_macro   0x0000f1ab      0xd40 src/asf/common/services/clock/sam3x/sysclk.o
 .debug_macro   0x0000feeb      0x12a src/asf/common/services/clock/sam3x/sysclk.o
 .debug_macro   0x00010015       0x58 src/asf/common/services/clock/sam3x/sysclk.o
 .debug_macro   0x0001006d       0x35 src/asf/common/services/clock/sam3x/sysclk.o
 .debug_macro   0x000100a2       0xa3 src/asf/common/services/clock/sam3x/sysclk.o
 .debug_macro   0x00010145       0x16 src/asf/common/services/clock/sam3x/sysclk.o
 .debug_macro   0x0001015b       0x35 src/asf/common/services/clock/sam3x/sysclk.o
 .debug_macro   0x00010190       0x10 src/asf/common/services/clock/sam3x/sysclk.o
 .debug_macro   0x000101a0       0x52 src/asf/common/services/clock/sam3x/sysclk.o
 .debug_macro   0x000101f2       0x16 src/asf/common/services/clock/sam3x/sysclk.o
 .debug_macro   0x00010208       0x43 src/asf/common/services/clock/sam3x/sysclk.o
 .debug_macro   0x0001024b      0x180 src/asf/common/services/clock/sam3x/sysclk.o
 .debug_macro   0x000103cb       0x10 src/asf/common/services/clock/sam3x/sysclk.o
 .debug_macro   0x000103db       0x22 src/asf/common/services/clock/sam3x/sysclk.o
 .debug_macro   0x000103fd       0xbd src/asf/common/services/clock/sam3x/sysclk.o
 .debug_macro   0x000104ba       0x16 src/asf/common/services/clock/sam3x/sysclk.o
 .debug_macro   0x000104d0      0x16c src/asf/common/services/clock/sam3x/sysclk.o
 .debug_macro   0x0001063c       0x22 src/asf/common/services/clock/sam3x/sysclk.o
 .debug_macro   0x0001065e       0x16 src/asf/common/services/clock/sam3x/sysclk.o
 .debug_macro   0x00010674       0x16 src/asf/common/services/clock/sam3x/sysclk.o
 .debug_macro   0x0001068a       0x29 src/asf/common/services/clock/sam3x/sysclk.o
 .debug_macro   0x000106b3       0x52 src/asf/common/services/clock/sam3x/sysclk.o
 .debug_macro   0x00010705       0x3e src/asf/common/services/clock/sam3x/sysclk.o
 .debug_macro   0x00010743      0x322 src/asf/common/services/clock/sam3x/sysclk.o
 .debug_macro   0x00010a65      0x15d src/asf/common/services/clock/sam3x/sysclk.o
 .debug_macro   0x00010bc2      0xf4d src/asf/common/services/clock/sam3x/sysclk.o
 .debug_macro   0x00011b0f       0x58 src/asf/common/services/clock/sam3x/sysclk.o
 .debug_macro   0x00011b67       0x64 src/asf/common/services/clock/sam3x/sysclk.o
 .debug_macro   0x00011bcb       0x5f src/asf/common/services/clock/sam3x/sysclk.o
 .debug_macro   0x00011c2a       0x90 src/asf/common/services/clock/sam3x/sysclk.o
 .debug_macro   0x00011cba      0x4fb src/asf/sam/boards/sam3x_ek/init.o
 .debug_macro   0x000121b5      0x163 src/asf/sam/boards/sam3x_ek/init.o
 .debug_macro   0x00012318       0x1c src/asf/sam/boards/sam3x_ek/init.o
 .debug_macro   0x00012334       0x8e src/asf/sam/boards/sam3x_ek/init.o
 .debug_macro   0x000123c2       0x40 src/asf/sam/boards/sam3x_ek/init.o
 .debug_macro   0x00012402      0x4d0 src/asf/sam/drivers/pio/pio.o
 .debug_macro   0x000128d2       0x88 src/asf/sam/drivers/pio/pio.o
 .debug_macro   0x0001295a      0x4d6 src/asf/sam/drivers/pio/pio_handler.o
 .debug_macro   0x00012e30      0x4c2 src/asf/sam/drivers/pmc/pmc.o
 .debug_macro   0x000132f2       0x52 src/asf/sam/drivers/pmc/pmc.o
 .debug_macro   0x00013344      0x4fe src/asf/sam/drivers/usart/usart.o
 .debug_macro   0x00013842       0x28 src/asf/sam/drivers/usart/usart.o
 .debug_macro   0x0001386a      0x33a src/asf/sam/utils/cmsis/sam3x/source/templates/exceptions.o
 .debug_macro   0x00013ba4      0x348 src/asf/sam/utils/cmsis/sam3x/source/templates/gcc/startup_sam3x.o
 .debug_macro   0x00013eec      0x34c src/asf/sam/utils/cmsis/sam3x/source/templates/system_sam3x.o
 .debug_macro   0x00014238       0x26 src/asf/sam/utils/cmsis/sam3x/source/templates/system_sam3x.o
 .debug_macro   0x0001425e      0x133 src/asf/thirdparty/FreeRTOS/list.o
 .debug_macro   0x00014391      0x10e src/asf/thirdparty/FreeRTOS/list.o
 .debug_macro   0x0001449f       0x7f src/asf/thirdparty/FreeRTOS/list.o
 .debug_macro   0x0001451e       0x4a src/asf/thirdparty/FreeRTOS/list.o
 .debug_macro   0x00014568      0x20f src/asf/thirdparty/FreeRTOS/list.o
 .debug_macro   0x00014777      0x113 src/asf/thirdparty/FreeRTOS/list.o
 .debug_macro   0x0001488a       0x46 src/asf/thirdparty/FreeRTOS/list.o
 .debug_macro   0x000148d0       0xd2 src/asf/thirdparty/FreeRTOS/list.o
 .debug_macro   0x000149a2       0x12 src/asf/thirdparty/FreeRTOS/list.o
 .debug_macro   0x000149b4       0x1f src/asf/thirdparty/FreeRTOS/list.o
 .debug_macro   0x000149d3      0x361 src/asf/thirdparty/FreeRTOS/list.o
 .debug_macro   0x00014d34       0x79 src/asf/thirdparty/FreeRTOS/list.o
 .debug_macro   0x00014dad      0x145 src/asf/thirdparty/FreeRTOS/portable/GCC/ARM_CM3/port.o
 .debug_macro   0x00014ef2       0x69 src/asf/thirdparty/FreeRTOS/portable/GCC/ARM_CM3/port.o
 .debug_macro   0x00014f5b      0x1c3 src/asf/thirdparty/FreeRTOS/queue.o
 .debug_macro   0x0001511e      0x2a6 src/asf/thirdparty/FreeRTOS/queue.o
 .debug_macro   0x000153c4       0x10 src/asf/thirdparty/FreeRTOS/queue.o
 .debug_macro   0x000153d4       0x1f src/asf/thirdparty/FreeRTOS/queue.o
 .debug_macro   0x000153f3       0xb0 src/asf/thirdparty/FreeRTOS/queue.o
 .debug_macro   0x000154a3      0x1ff src/asf/thirdparty/FreeRTOS/tasks.o
 .debug_macro   0x000156a2       0x91 src/asf/thirdparty/FreeRTOS/tasks.o
 .debug_macro   0x00015733       0x17 src/asf/thirdparty/FreeRTOS/tasks.o
 .debug_macro   0x0001574a      0x5e0 src/main.o
 .debug_macro   0x00015d2a       0x97 src/main.o
 .debug_macro   0x00015dc1       0xef src/main.o
 .debug_macro   0x00015eb0       0x28 src/main.o
 .debug_macro   0x00015ed8       0x6a src/main.o
 .debug_macro   0x00015f42       0x2e src/main.o
 .debug_macro   0x00015f70      0x567 src/ParTest.o
 .debug_macro   0x000164d7      0x61b src/serial.o

.debug_line     0x00000000     0xb7c2
 .debug_line    0x00000000      0xd25 src/asf/common/services/clock/sam3x/sysclk.o
 .debug_line    0x00000d25      0xbb9 src/asf/sam/boards/sam3x_ek/init.o
 .debug_line    0x000018de      0xdec src/asf/sam/drivers/pio/pio.o
 .debug_line    0x000026ca      0xbd2 src/asf/sam/drivers/pio/pio_handler.o
 .debug_line    0x0000329c     0x1003 src/asf/sam/drivers/pmc/pmc.o
 .debug_line    0x0000429f     0x1207 src/asf/sam/drivers/usart/usart.o
 .debug_line    0x000054a6      0x8d6 src/asf/sam/utils/cmsis/sam3x/source/templates/exceptions.o
 .debug_line    0x00005d7c      0x92d src/asf/sam/utils/cmsis/sam3x/source/templates/gcc/startup_sam3x.o
 .debug_line    0x000066a9      0x965 src/asf/sam/utils/cmsis/sam3x/source/templates/system_sam3x.o
 .debug_line    0x0000700e      0x429 src/asf/thirdparty/FreeRTOS/list.o
 .debug_line    0x00007437      0x48a src/asf/thirdparty/FreeRTOS/portable/GCC/ARM_CM3/port.o
 .debug_line    0x000078c1      0x949 src/asf/thirdparty/FreeRTOS/queue.o
 .debug_line    0x0000820a      0xbbf src/asf/thirdparty/FreeRTOS/tasks.o
 .debug_line    0x00008dc9      0xe49 src/main.o
 .debug_line    0x00009c12      0xcd6 src/ParTest.o
 .debug_line    0x0000a8e8      0xeda src/serial.o

.debug_str      0x00000000    0x64e9d
 .debug_str     0x00000000    0x5b1e5 src/asf/common/services/clock/sam3x/sysclk.o
                              0x5b490 (size before relaxing)
 .debug_str     0x0005b1e5      0x678 src/asf/sam/boards/sam3x_ek/init.o
                              0x5af6e (size before relaxing)
 .debug_str     0x0005b85d      0x610 src/asf/sam/drivers/pio/pio.o
                              0x54f4b (size before relaxing)
 .debug_str     0x0005be6d      0x442 src/asf/sam/drivers/pio/pio_handler.o
                              0x54f3e (size before relaxing)
 .debug_str     0x0005c2af      0x5b4 src/asf/sam/drivers/pmc/pmc.o
                              0x54e48 (size before relaxing)
 .debug_str     0x0005c863      0xc0e src/asf/sam/drivers/usart/usart.o
                              0x551eb (size before relaxing)
 .debug_str     0x0005d471       0x4d src/asf/sam/utils/cmsis/sam3x/source/templates/exceptions.o
                              0x4add7 (size before relaxing)
 .debug_str     0x0005d4be       0xb2 src/asf/sam/utils/cmsis/sam3x/source/templates/gcc/startup_sam3x.o
                              0x4aec0 (size before relaxing)
 .debug_str     0x0005d570      0x1cd src/asf/sam/utils/cmsis/sam3x/source/templates/system_sam3x.o
                              0x4b0d3 (size before relaxing)
 .debug_str     0x0005d73d     0x27e5 src/asf/thirdparty/FreeRTOS/list.o
                               0x6de4 (size before relaxing)
 .debug_str     0x0005ff22      0xaba src/asf/thirdparty/FreeRTOS/portable/GCC/ARM_CM3/port.o
                               0x6412 (size before relaxing)
 .debug_str     0x000609dc     0x1ffd src/asf/thirdparty/FreeRTOS/queue.o
                               0x9157 (size before relaxing)
 .debug_str     0x000629d9     0x18a2 src/asf/thirdparty/FreeRTOS/tasks.o
                               0x9a31 (size before relaxing)
 .debug_str     0x0006427b      0x1e3 src/main.o
                              0x5e497 (size before relaxing)
 .debug_str     0x0006445e       0x8c src/ParTest.o
                              0x5d9d6 (size before relaxing)
 .debug_str     0x000644ea      0x9b3 src/serial.o
                              0x5f2a3 (size before relaxing)

.debug_frame    0x00000000     0x2540
 .debug_frame   0x00000000      0x1c4 src/asf/common/services/clock/sam3x/sysclk.o
 .debug_frame   0x000001c4       0x2c src/asf/sam/boards/sam3x_ek/init.o
 .debug_frame   0x000001f0      0x44c src/asf/sam/drivers/pio/pio.o
 .debug_frame   0x0000063c      0x150 src/asf/sam/drivers/pio/pio_handler.o
 .debug_frame   0x0000078c      0x598 src/asf/sam/drivers/pmc/pmc.o
 .debug_frame   0x00000d24      0x9b0 src/asf/sam/drivers/usart/usart.o
 .debug_frame   0x000016d4       0x28 src/asf/sam/utils/cmsis/sam3x/source/templates/exceptions.o
 .debug_frame   0x000016fc       0x30 src/asf/sam/utils/cmsis/sam3x/source/templates/gcc/startup_sam3x.o
 .debug_frame   0x0000172c       0x5c src/asf/sam/utils/cmsis/sam3x/source/templates/system_sam3x.o
 .debug_frame   0x00001788       0x9c src/asf/thirdparty/FreeRTOS/list.o
 .debug_frame   0x00001824      0x178 src/asf/thirdparty/FreeRTOS/portable/GCC/ARM_CM3/port.o
 .debug_frame   0x0000199c      0x2f0 src/asf/thirdparty/FreeRTOS/queue.o
 .debug_frame   0x00001c8c      0x4fc src/asf/thirdparty/FreeRTOS/tasks.o
 .debug_frame   0x00002188       0xd4 src/main.o
 .debug_frame   0x0000225c       0x70 src/ParTest.o
 .debug_frame   0x000022cc      0x158 src/serial.o
 .debug_frame   0x00002424       0x2c c:/program files (x86)/atmel/atmel toolchain/arm gcc/native/4.8.1437/arm-gnu-toolchain/bin/../lib/gcc/arm-none-eabi/4.8.4/../../../../arm-none-eabi/lib/armv7-m\libc.a(lib_a-init.o)
 .debug_frame   0x00002450       0x2c c:/program files (x86)/atmel/atmel toolchain/arm gcc/native/4.8.1437/arm-gnu-toolchain/bin/../lib/gcc/arm-none-eabi/4.8.4/../../../../arm-none-eabi/lib/armv7-m\libc.a(lib_a-memcmp.o)
 .debug_frame   0x0000247c       0x48 c:/program files (x86)/atmel/atmel toolchain/arm gcc/native/4.8.1437/arm-gnu-toolchain/bin/../lib/gcc/arm-none-eabi/4.8.4/../../../../arm-none-eabi/lib/armv7-m\libc.a(lib_a-__call_atexit.o)
 .debug_frame   0x000024c4       0x20 c:/program files (x86)/atmel/atmel toolchain/arm gcc/native/4.8.1437/arm-gnu-toolchain/bin/../lib/gcc/arm-none-eabi/4.8.4/../../../../arm-none-eabi/lib/armv7-m\libc.a(lib_a-atexit.o)
 .debug_frame   0x000024e4       0x2c c:/program files (x86)/atmel/atmel toolchain/arm gcc/native/4.8.1437/arm-gnu-toolchain/bin/../lib/gcc/arm-none-eabi/4.8.4/../../../../arm-none-eabi/lib/armv7-m\libc.a(lib_a-fini.o)
 .debug_frame   0x00002510       0x30 c:/program files (x86)/atmel/atmel toolchain/arm gcc/native/4.8.1437/arm-gnu-toolchain/bin/../lib/gcc/arm-none-eabi/4.8.4/../../../../arm-none-eabi/lib/armv7-m\libc.a(lib_a-__atexit.o)

Cross Reference Table

Symbol                                            File
ADC_Handler                                       src/asf/sam/utils/cmsis/sam3x/source/templates/exceptions.o
                                                  src/asf/sam/utils/cmsis/sam3x/source/templates/gcc/startup_sam3x.o
BusFault_Handler                                  src/asf/sam/utils/cmsis/sam3x/source/templates/exceptions.o
                                                  src/asf/sam/utils/cmsis/sam3x/source/templates/gcc/startup_sam3x.o
CAN0_Handler                                      src/asf/sam/utils/cmsis/sam3x/source/templates/exceptions.o
                                                  src/asf/sam/utils/cmsis/sam3x/source/templates/gcc/startup_sam3x.o
CAN1_Handler                                      src/asf/sam/utils/cmsis/sam3x/source/templates/exceptions.o
                                                  src/asf/sam/utils/cmsis/sam3x/source/templates/gcc/startup_sam3x.o
DACC_Handler                                      src/asf/sam/utils/cmsis/sam3x/source/templates/exceptions.o
                                                  src/asf/sam/utils/cmsis/sam3x/source/templates/gcc/startup_sam3x.o
DMAC_Handler                                      src/asf/sam/utils/cmsis/sam3x/source/templates/exceptions.o
                                                  src/asf/sam/utils/cmsis/sam3x/source/templates/gcc/startup_sam3x.o
DebugMon_Handler                                  src/asf/sam/utils/cmsis/sam3x/source/templates/exceptions.o
                                                  src/asf/sam/utils/cmsis/sam3x/source/templates/gcc/startup_sam3x.o
Dummy_Handler                                     src/asf/sam/utils/cmsis/sam3x/source/templates/exceptions.o
EFC0_Handler                                      src/asf/sam/utils/cmsis/sam3x/source/templates/exceptions.o
                                                  src/asf/sam/utils/cmsis/sam3x/source/templates/gcc/startup_sam3x.o
EFC1_Handler                                      src/asf/sam/utils/cmsis/sam3x/source/templates/exceptions.o
                                                  src/asf/sam/utils/cmsis/sam3x/source/templates/gcc/startup_sam3x.o
EMAC_Handler                                      src/asf/sam/utils/cmsis/sam3x/source/templates/exceptions.o
                                                  src/asf/sam/utils/cmsis/sam3x/source/templates/gcc/startup_sam3x.o
HSMCI_Handler                                     src/asf/sam/utils/cmsis/sam3x/source/templates/exceptions.o
                                                  src/asf/sam/utils/cmsis/sam3x/source/templates/gcc/startup_sam3x.o
HardFault_Handler                                 src/asf/sam/utils/cmsis/sam3x/source/templates/exceptions.o
                                                  src/asf/sam/utils/cmsis/sam3x/source/templates/gcc/startup_sam3x.o
MemManage_Handler                                 src/asf/sam/utils/cmsis/sam3x/source/templates/exceptions.o
                                                  src/asf/sam/utils/cmsis/sam3x/source/templates/gcc/startup_sam3x.o
NMI_Handler                                       src/asf/sam/utils/cmsis/sam3x/source/templates/exceptions.o
                                                  src/asf/sam/utils/cmsis/sam3x/source/templates/gcc/startup_sam3x.o
PIOA_Handler                                      src/asf/sam/drivers/pio/pio_handler.o
                                                  src/asf/sam/utils/cmsis/sam3x/source/templates/gcc/startup_sam3x.o
PIOB_Handler                                      src/asf/sam/drivers/pio/pio_handler.o
                                                  src/asf/sam/utils/cmsis/sam3x/source/templates/gcc/startup_sam3x.o
PIOC_Handler                                      src/asf/sam/drivers/pio/pio_handler.o
                                                  src/asf/sam/utils/cmsis/sam3x/source/templates/gcc/startup_sam3x.o
PIOD_Handler                                      src/asf/sam/drivers/pio/pio_handler.o
                                                  src/asf/sam/utils/cmsis/sam3x/source/templates/gcc/startup_sam3x.o
PMC_Handler                                       src/asf/sam/utils/cmsis/sam3x/source/templates/exceptions.o
                                                  src/asf/sam/utils/cmsis/sam3x/source/templates/gcc/startup_sam3x.o
PWM_Handler                                       src/asf/sam/utils/cmsis/sam3x/source/templates/exceptions.o
                                                  src/asf/sam/utils/cmsis/sam3x/source/templates/gcc/startup_sam3x.o
PendSV_Handler                                    src/asf/thirdparty/FreeRTOS/portable/GCC/ARM_CM3/port.o
                                                  src/asf/sam/utils/cmsis/sam3x/source/templates/exceptions.o
                                                  src/asf/sam/utils/cmsis/sam3x/source/templates/gcc/startup_sam3x.o
RSTC_Handler                                      src/asf/sam/utils/cmsis/sam3x/source/templates/exceptions.o
                                                  src/asf/sam/utils/cmsis/sam3x/source/templates/gcc/startup_sam3x.o
RTC_Handler                                       src/asf/sam/utils/cmsis/sam3x/source/templates/exceptions.o
                                                  src/asf/sam/utils/cmsis/sam3x/source/templates/gcc/startup_sam3x.o
RTT_Handler                                       src/asf/sam/utils/cmsis/sam3x/source/templates/exceptions.o
                                                  src/asf/sam/utils/cmsis/sam3x/source/templates/gcc/startup_sam3x.o
Reset_Handler                                     src/asf/sam/utils/cmsis/sam3x/source/templates/gcc/startup_sam3x.o
SMC_Handler                                       src/asf/sam/utils/cmsis/sam3x/source/templates/exceptions.o
                                                  src/asf/sam/utils/cmsis/sam3x/source/templates/gcc/startup_sam3x.o
SPI0_Handler                                      src/asf/sam/utils/cmsis/sam3x/source/templates/exceptions.o
                                                  src/asf/sam/utils/cmsis/sam3x/source/templates/gcc/startup_sam3x.o
SSC_Handler                                       src/asf/sam/utils/cmsis/sam3x/source/templates/exceptions.o
                                                  src/asf/sam/utils/cmsis/sam3x/source/templates/gcc/startup_sam3x.o
SUPC_Handler                                      src/asf/sam/utils/cmsis/sam3x/source/templates/exceptions.o
                                                  src/asf/sam/utils/cmsis/sam3x/source/templates/gcc/startup_sam3x.o
SVC_Handler                                       src/asf/thirdparty/FreeRTOS/portable/GCC/ARM_CM3/port.o
                                                  src/asf/sam/utils/cmsis/sam3x/source/templates/exceptions.o
                                                  src/asf/sam/utils/cmsis/sam3x/source/templates/gcc/startup_sam3x.o
SysTick_Handler                                   src/asf/thirdparty/FreeRTOS/portable/GCC/ARM_CM3/port.o
                                                  src/asf/sam/utils/cmsis/sam3x/source/templates/exceptions.o
                                                  src/asf/sam/utils/cmsis/sam3x/source/templates/gcc/startup_sam3x.o
SystemCoreClock                                   src/asf/sam/utils/cmsis/sam3x/source/templates/system_sam3x.o
                                                  src/asf/thirdparty/FreeRTOS/portable/GCC/ARM_CM3/port.o
SystemCoreClockUpdate                             src/asf/sam/utils/cmsis/sam3x/source/templates/system_sam3x.o
                                                  src/asf/common/services/clock/sam3x/sysclk.o
SystemInit                                        src/asf/sam/utils/cmsis/sam3x/source/templates/system_sam3x.o
TC0_Handler                                       src/asf/sam/utils/cmsis/sam3x/source/templates/exceptions.o
                                                  src/asf/sam/utils/cmsis/sam3x/source/templates/gcc/startup_sam3x.o
TC1_Handler                                       src/asf/sam/utils/cmsis/sam3x/source/templates/exceptions.o
                                                  src/asf/sam/utils/cmsis/sam3x/source/templates/gcc/startup_sam3x.o
TC2_Handler                                       src/asf/sam/utils/cmsis/sam3x/source/templates/exceptions.o
                                                  src/asf/sam/utils/cmsis/sam3x/source/templates/gcc/startup_sam3x.o
TC3_Handler                                       src/asf/sam/utils/cmsis/sam3x/source/templates/exceptions.o
                                                  src/asf/sam/utils/cmsis/sam3x/source/templates/gcc/startup_sam3x.o
TC4_Handler                                       src/asf/sam/utils/cmsis/sam3x/source/templates/exceptions.o
                                                  src/asf/sam/utils/cmsis/sam3x/source/templates/gcc/startup_sam3x.o
TC5_Handler                                       src/asf/sam/utils/cmsis/sam3x/source/templates/exceptions.o
                                                  src/asf/sam/utils/cmsis/sam3x/source/templates/gcc/startup_sam3x.o
TC6_Handler                                       src/asf/sam/utils/cmsis/sam3x/source/templates/exceptions.o
                                                  src/asf/sam/utils/cmsis/sam3x/source/templates/gcc/startup_sam3x.o
TC7_Handler                                       src/asf/sam/utils/cmsis/sam3x/source/templates/exceptions.o
                                                  src/asf/sam/utils/cmsis/sam3x/source/templates/gcc/startup_sam3x.o
TC8_Handler                                       src/asf/sam/utils/cmsis/sam3x/source/templates/exceptions.o
                                                  src/asf/sam/utils/cmsis/sam3x/source/templates/gcc/startup_sam3x.o
TRNG_Handler                                      src/asf/sam/utils/cmsis/sam3x/source/templates/exceptions.o
                                                  src/asf/sam/utils/cmsis/sam3x/source/templates/gcc/startup_sam3x.o
TWI0_Handler                                      src/asf/sam/utils/cmsis/sam3x/source/templates/exceptions.o
                                                  src/asf/sam/utils/cmsis/sam3x/source/templates/gcc/startup_sam3x.o
TWI1_Handler                                      src/asf/sam/utils/cmsis/sam3x/source/templates/exceptions.o
                                                  src/asf/sam/utils/cmsis/sam3x/source/templates/gcc/startup_sam3x.o
UART_Handler                                      src/asf/sam/utils/cmsis/sam3x/source/templates/exceptions.o
                                                  src/asf/sam/utils/cmsis/sam3x/source/templates/gcc/startup_sam3x.o
UOTGHS_Handler                                    src/asf/sam/utils/cmsis/sam3x/source/templates/exceptions.o
                                                  src/asf/sam/utils/cmsis/sam3x/source/templates/gcc/startup_sam3x.o
USART0_Handler                                    src/serial.o
                                                  src/asf/sam/utils/cmsis/sam3x/source/templates/exceptions.o
                                                  src/asf/sam/utils/cmsis/sam3x/source/templates/gcc/startup_sam3x.o
USART1_Handler                                    src/asf/sam/utils/cmsis/sam3x/source/templates/exceptions.o
                                                  src/asf/sam/utils/cmsis/sam3x/source/templates/gcc/startup_sam3x.o
USART2_Handler                                    src/asf/sam/utils/cmsis/sam3x/source/templates/exceptions.o
                                                  src/asf/sam/utils/cmsis/sam3x/source/templates/gcc/startup_sam3x.o
USART3_Handler                                    src/asf/sam/utils/cmsis/sam3x/source/templates/exceptions.o
                                                  src/asf/sam/utils/cmsis/sam3x/source/templates/gcc/startup_sam3x.o
UsageFault_Handler                                src/asf/sam/utils/cmsis/sam3x/source/templates/exceptions.o
                                                  src/asf/sam/utils/cmsis/sam3x/source/templates/gcc/startup_sam3x.o
WDT_Handler                                       src/asf/sam/utils/cmsis/sam3x/source/templates/exceptions.o
                                                  src/asf/sam/utils/cmsis/sam3x/source/templates/gcc/startup_sam3x.o
_Jv_RegisterClasses                               c:/program files (x86)/atmel/atmel toolchain/arm gcc/native/4.8.1437/arm-gnu-toolchain/bin/../lib/gcc/arm-none-eabi/4.8.4/armv7-m/crtbegin.o
__bss_end__                                       c:/program files (x86)/atmel/atmel toolchain/arm gcc/native/4.8.1437/arm-gnu-toolchain/bin/../lib/gcc/arm-none-eabi/4.8.4/../../../../arm-none-eabi/lib/armv7-m/crt0.o
__bss_start__                                     c:/program files (x86)/atmel/atmel toolchain/arm gcc/native/4.8.1437/arm-gnu-toolchain/bin/../lib/gcc/arm-none-eabi/4.8.4/../../../../arm-none-eabi/lib/armv7-m/crt0.o
__call_exitprocs                                  c:/program files (x86)/atmel/atmel toolchain/arm gcc/native/4.8.1437/arm-gnu-toolchain/bin/../lib/gcc/arm-none-eabi/4.8.4/../../../../arm-none-eabi/lib/armv7-m\libc.a(lib_a-__call_atexit.o)
                                                  c:/program files (x86)/atmel/atmel toolchain/arm gcc/native/4.8.1437/arm-gnu-toolchain/bin/../lib/gcc/arm-none-eabi/4.8.4/../../../../arm-none-eabi/lib/armv7-m\libc.a(lib_a-exit.o)
__deregister_frame_info                           c:/program files (x86)/atmel/atmel toolchain/arm gcc/native/4.8.1437/arm-gnu-toolchain/bin/../lib/gcc/arm-none-eabi/4.8.4/armv7-m/crtbegin.o
__dso_handle                                      c:/program files (x86)/atmel/atmel toolchain/arm gcc/native/4.8.1437/arm-gnu-toolchain/bin/../lib/gcc/arm-none-eabi/4.8.4/armv7-m/crtbegin.o
__fini_array_end                                  c:/program files (x86)/atmel/atmel toolchain/arm gcc/native/4.8.1437/arm-gnu-toolchain/bin/../lib/gcc/arm-none-eabi/4.8.4/../../../../arm-none-eabi/lib/armv7-m\libc.a(lib_a-fini.o)
__fini_array_start                                c:/program files (x86)/atmel/atmel toolchain/arm gcc/native/4.8.1437/arm-gnu-toolchain/bin/../lib/gcc/arm-none-eabi/4.8.4/../../../../arm-none-eabi/lib/armv7-m\libc.a(lib_a-fini.o)
__init_array_end                                  c:/program files (x86)/atmel/atmel toolchain/arm gcc/native/4.8.1437/arm-gnu-toolchain/bin/../lib/gcc/arm-none-eabi/4.8.4/../../../../arm-none-eabi/lib/armv7-m\libc.a(lib_a-init.o)
__init_array_start                                c:/program files (x86)/atmel/atmel toolchain/arm gcc/native/4.8.1437/arm-gnu-toolchain/bin/../lib/gcc/arm-none-eabi/4.8.4/../../../../arm-none-eabi/lib/armv7-m\libc.a(lib_a-init.o)
__libc_fini                                       c:/program files (x86)/atmel/atmel toolchain/arm gcc/native/4.8.1437/arm-gnu-toolchain/bin/../lib/gcc/arm-none-eabi/4.8.4/../../../../arm-none-eabi/lib/armv7-m\libc.a(lib_a-__call_atexit.o)
__libc_fini_array                                 c:/program files (x86)/atmel/atmel toolchain/arm gcc/native/4.8.1437/arm-gnu-toolchain/bin/../lib/gcc/arm-none-eabi/4.8.4/../../../../arm-none-eabi/lib/armv7-m\libc.a(lib_a-fini.o)
                                                  c:/program files (x86)/atmel/atmel toolchain/arm gcc/native/4.8.1437/arm-gnu-toolchain/bin/../lib/gcc/arm-none-eabi/4.8.4/../../../../arm-none-eabi/lib/armv7-m\libc.a(lib_a-__call_atexit.o)
                                                  c:/program files (x86)/atmel/atmel toolchain/arm gcc/native/4.8.1437/arm-gnu-toolchain/bin/../lib/gcc/arm-none-eabi/4.8.4/../../../../arm-none-eabi/lib/armv7-m/crt0.o
__libc_init_array                                 c:/program files (x86)/atmel/atmel toolchain/arm gcc/native/4.8.1437/arm-gnu-toolchain/bin/../lib/gcc/arm-none-eabi/4.8.4/../../../../arm-none-eabi/lib/armv7-m\libc.a(lib_a-init.o)
                                                  src/asf/sam/utils/cmsis/sam3x/source/templates/gcc/startup_sam3x.o
                                                  c:/program files (x86)/atmel/atmel toolchain/arm gcc/native/4.8.1437/arm-gnu-toolchain/bin/../lib/gcc/arm-none-eabi/4.8.4/../../../../arm-none-eabi/lib/armv7-m/crt0.o
__preinit_array_end                               c:/program files (x86)/atmel/atmel toolchain/arm gcc/native/4.8.1437/arm-gnu-toolchain/bin/../lib/gcc/arm-none-eabi/4.8.4/../../../../arm-none-eabi/lib/armv7-m\libc.a(lib_a-init.o)
__preinit_array_start                             c:/program files (x86)/atmel/atmel toolchain/arm gcc/native/4.8.1437/arm-gnu-toolchain/bin/../lib/gcc/arm-none-eabi/4.8.4/../../../../arm-none-eabi/lib/armv7-m\libc.a(lib_a-init.o)
__register_exitproc                               c:/program files (x86)/atmel/atmel toolchain/arm gcc/native/4.8.1437/arm-gnu-toolchain/bin/../lib/gcc/arm-none-eabi/4.8.4/../../../../arm-none-eabi/lib/armv7-m\libc.a(lib_a-__atexit.o)
                                                  c:/program files (x86)/atmel/atmel toolchain/arm gcc/native/4.8.1437/arm-gnu-toolchain/bin/../lib/gcc/arm-none-eabi/4.8.4/../../../../arm-none-eabi/lib/armv7-m\libc.a(lib_a-atexit.o)
__register_frame_info                             c:/program files (x86)/atmel/atmel toolchain/arm gcc/native/4.8.1437/arm-gnu-toolchain/bin/../lib/gcc/arm-none-eabi/4.8.4/armv7-m/crtbegin.o
__stack                                           c:/program files (x86)/atmel/atmel toolchain/arm gcc/native/4.8.1437/arm-gnu-toolchain/bin/../lib/gcc/arm-none-eabi/4.8.4/../../../../arm-none-eabi/lib/armv7-m/crt0.o
_erelocate                                        src/asf/sam/utils/cmsis/sam3x/source/templates/gcc/startup_sam3x.o
_estack                                           src/asf/sam/utils/cmsis/sam3x/source/templates/gcc/startup_sam3x.o
_etext                                            src/asf/sam/utils/cmsis/sam3x/source/templates/gcc/startup_sam3x.o
_exit                                             c:/program files (x86)/atmel/atmel toolchain/arm gcc/native/4.8.1437/arm-gnu-toolchain/bin/../lib/gcc/arm-none-eabi/4.8.4/../../../../arm-none-eabi/lib/armv7-m\libc.a(lib_a-exit.o)
_ezero                                            src/asf/sam/utils/cmsis/sam3x/source/templates/gcc/startup_sam3x.o
_fini                                             c:/program files (x86)/atmel/atmel toolchain/arm gcc/native/4.8.1437/arm-gnu-toolchain/bin/../lib/gcc/arm-none-eabi/4.8.4/armv7-m/crti.o
                                                  c:/program files (x86)/atmel/atmel toolchain/arm gcc/native/4.8.1437/arm-gnu-toolchain/bin/../lib/gcc/arm-none-eabi/4.8.4/../../../../arm-none-eabi/lib/armv7-m\libc.a(lib_a-fini.o)
_global_impure_ptr                                c:/program files (x86)/atmel/atmel toolchain/arm gcc/native/4.8.1437/arm-gnu-toolchain/bin/../lib/gcc/arm-none-eabi/4.8.4/../../../../arm-none-eabi/lib/armv7-m\libc.a(lib_a-impure.o)
                                                  c:/program files (x86)/atmel/atmel toolchain/arm gcc/native/4.8.1437/arm-gnu-toolchain/bin/../lib/gcc/arm-none-eabi/4.8.4/../../../../arm-none-eabi/lib/armv7-m\libc.a(lib_a-__atexit.o)
                                                  c:/program files (x86)/atmel/atmel toolchain/arm gcc/native/4.8.1437/arm-gnu-toolchain/bin/../lib/gcc/arm-none-eabi/4.8.4/../../../../arm-none-eabi/lib/armv7-m\libc.a(lib_a-__call_atexit.o)
                                                  c:/program files (x86)/atmel/atmel toolchain/arm gcc/native/4.8.1437/arm-gnu-toolchain/bin/../lib/gcc/arm-none-eabi/4.8.4/../../../../arm-none-eabi/lib/armv7-m\libc.a(lib_a-exit.o)
_impure_ptr                                       c:/program files (x86)/atmel/atmel toolchain/arm gcc/native/4.8.1437/arm-gnu-toolchain/bin/../lib/gcc/arm-none-eabi/4.8.4/../../../../arm-none-eabi/lib/armv7-m\libc.a(lib_a-impure.o)
_init                                             c:/program files (x86)/atmel/atmel toolchain/arm gcc/native/4.8.1437/arm-gnu-toolchain/bin/../lib/gcc/arm-none-eabi/4.8.4/armv7-m/crti.o
                                                  c:/program files (x86)/atmel/atmel toolchain/arm gcc/native/4.8.1437/arm-gnu-toolchain/bin/../lib/gcc/arm-none-eabi/4.8.4/../../../../arm-none-eabi/lib/armv7-m\libc.a(lib_a-init.o)
_mainCRTStartup                                   c:/program files (x86)/atmel/atmel toolchain/arm gcc/native/4.8.1437/arm-gnu-toolchain/bin/../lib/gcc/arm-none-eabi/4.8.4/../../../../arm-none-eabi/lib/armv7-m/crt0.o
_sfixed                                           src/asf/sam/utils/cmsis/sam3x/source/templates/gcc/startup_sam3x.o
_srelocate                                        src/asf/sam/utils/cmsis/sam3x/source/templates/gcc/startup_sam3x.o
_start                                            c:/program files (x86)/atmel/atmel toolchain/arm gcc/native/4.8.1437/arm-gnu-toolchain/bin/../lib/gcc/arm-none-eabi/4.8.4/../../../../arm-none-eabi/lib/armv7-m/crt0.o
_szero                                            src/asf/sam/utils/cmsis/sam3x/source/templates/gcc/startup_sam3x.o
atexit                                            c:/program files (x86)/atmel/atmel toolchain/arm gcc/native/4.8.1437/arm-gnu-toolchain/bin/../lib/gcc/arm-none-eabi/4.8.4/../../../../arm-none-eabi/lib/armv7-m\libc.a(lib_a-atexit.o)
                                                  c:/program files (x86)/atmel/atmel toolchain/arm gcc/native/4.8.1437/arm-gnu-toolchain/bin/../lib/gcc/arm-none-eabi/4.8.4/../../../../arm-none-eabi/lib/armv7-m\libc.a(lib_a-__call_atexit.o)
                                                  c:/program files (x86)/atmel/atmel toolchain/arm gcc/native/4.8.1437/arm-gnu-toolchain/bin/../lib/gcc/arm-none-eabi/4.8.4/../../../../arm-none-eabi/lib/armv7-m/crt0.o
board_init                                        src/asf/sam/boards/sam3x_ek/init.o
                                                  src/main.o
exception_table                                   src/asf/sam/utils/cmsis/sam3x/source/templates/gcc/startup_sam3x.o
exit                                              c:/program files (x86)/atmel/atmel toolchain/arm gcc/native/4.8.1437/arm-gnu-toolchain/bin/../lib/gcc/arm-none-eabi/4.8.4/../../../../arm-none-eabi/lib/armv7-m\libc.a(lib_a-exit.o)
                                                  c:/program files (x86)/atmel/atmel toolchain/arm gcc/native/4.8.1437/arm-gnu-toolchain/bin/../lib/gcc/arm-none-eabi/4.8.4/../../../../arm-none-eabi/lib/armv7-m/crt0.o
free                                              c:/program files (x86)/atmel/atmel toolchain/arm gcc/native/4.8.1437/arm-gnu-toolchain/bin/../lib/gcc/arm-none-eabi/4.8.4/../../../../arm-none-eabi/lib/armv7-m\libc.a(lib_a-__call_atexit.o)
g_interrupt_enabled                               src/asf/common/utils/interrupt/interrupt_sam_nvic.o
hardware_init_hook                                c:/program files (x86)/atmel/atmel toolchain/arm gcc/native/4.8.1437/arm-gnu-toolchain/bin/../lib/gcc/arm-none-eabi/4.8.4/../../../../arm-none-eabi/lib/armv7-m/crt0.o
main                                              src/main.o
                                                  src/asf/sam/utils/cmsis/sam3x/source/templates/gcc/startup_sam3x.o
                                                  c:/program files (x86)/atmel/atmel toolchain/arm gcc/native/4.8.1437/arm-gnu-toolchain/bin/../lib/gcc/arm-none-eabi/4.8.4/../../../../arm-none-eabi/lib/armv7-m/crt0.o
main_blinky                                       src/main_blinky.o
main_full                                         src/main_full.o
malloc                                            c:/program files (x86)/atmel/atmel toolchain/arm gcc/native/4.8.1437/arm-gnu-toolchain/bin/../lib/gcc/arm-none-eabi/4.8.4/../../../../arm-none-eabi/lib/armv7-m\libc.a(lib_a-__atexit.o)
memcmp                                            c:/program files (x86)/atmel/atmel toolchain/arm gcc/native/4.8.1437/arm-gnu-toolchain/bin/../lib/gcc/arm-none-eabi/4.8.4/../../../../arm-none-eabi/lib/armv7-m\libc.a(lib_a-memcmp.o)
                                                  src/asf/thirdparty/FreeRTOS/tasks.o
memcpy                                            c:/program files (x86)/atmel/atmel toolchain/arm gcc/native/4.8.1437/arm-gnu-toolchain/bin/../lib/gcc/arm-none-eabi/4.8.4/../../../../arm-none-eabi/lib/armv7-m\libc.a(lib_a-memcpy.o)
                                                  src/asf/thirdparty/FreeRTOS/queue.o
memset                                            c:/program files (x86)/atmel/atmel toolchain/arm gcc/native/4.8.1437/arm-gnu-toolchain/bin/../lib/gcc/arm-none-eabi/4.8.4/../../../../arm-none-eabi/lib/armv7-m\libc.a(lib_a-memset.o)
                                                  src/asf/thirdparty/FreeRTOS/tasks.o
                                                  c:/program files (x86)/atmel/atmel toolchain/arm gcc/native/4.8.1437/arm-gnu-toolchain/bin/../lib/gcc/arm-none-eabi/4.8.4/../../../../arm-none-eabi/lib/armv7-m/crt0.o
pcTimerGetTimerName                               src/asf/thirdparty/FreeRTOS/timers.o
pio_clear                                         src/asf/sam/drivers/pio/pio.o
pio_configure                                     src/asf/sam/drivers/pio/pio.o
pio_configure_interrupt                           src/asf/sam/drivers/pio/pio.o
                                                  src/asf/sam/drivers/pio/pio_handler.o
pio_configure_pin                                 src/asf/sam/drivers/pio/pio.o
                                                  src/ParTest.o
                                                  src/main.o
                                                  src/asf/sam/boards/sam3x_ek/init.o
pio_configure_pin_group                           src/asf/sam/drivers/pio/pio.o
pio_disable_interrupt                             src/asf/sam/drivers/pio/pio.o
                                                  src/asf/sam/drivers/pio/pio_handler.o
pio_disable_output_write                          src/asf/sam/drivers/pio/pio.o
pio_disable_pin_interrupt                         src/asf/sam/drivers/pio/pio.o
pio_enable_interrupt                              src/asf/sam/drivers/pio/pio.o
pio_enable_output_write                           src/asf/sam/drivers/pio/pio.o
pio_enable_pin_interrupt                          src/asf/sam/drivers/pio/pio.o
pio_get                                           src/asf/sam/drivers/pio/pio.o
pio_get_interrupt_mask                            src/asf/sam/drivers/pio/pio.o
                                                  src/asf/sam/drivers/pio/pio_handler.o
pio_get_interrupt_status                          src/asf/sam/drivers/pio/pio.o
                                                  src/asf/sam/drivers/pio/pio_handler.o
pio_get_multi_driver_status                       src/asf/sam/drivers/pio/pio.o
pio_get_output_data_status                        src/asf/sam/drivers/pio/pio.o
pio_get_output_write_status                       src/asf/sam/drivers/pio/pio.o
pio_get_pin_group                                 src/asf/sam/drivers/pio/pio.o
pio_get_pin_group_id                              src/asf/sam/drivers/pio/pio.o
pio_get_pin_group_mask                            src/asf/sam/drivers/pio/pio.o
pio_get_pin_value                                 src/asf/sam/drivers/pio/pio.o
pio_get_writeprotect_status                       src/asf/sam/drivers/pio/pio.o
pio_handler_process                               src/asf/sam/drivers/pio/pio_handler.o
pio_handler_set                                   src/asf/sam/drivers/pio/pio_handler.o
pio_handler_set_priority                          src/asf/sam/drivers/pio/pio_handler.o
pio_pull_up                                       src/asf/sam/drivers/pio/pio.o
pio_set                                           src/asf/sam/drivers/pio/pio.o
pio_set_additional_interrupt_mode                 src/asf/sam/drivers/pio/pio.o
pio_set_debounce_filter                           src/asf/sam/drivers/pio/pio.o
pio_set_input                                     src/asf/sam/drivers/pio/pio.o
pio_set_multi_driver                              src/asf/sam/drivers/pio/pio.o
pio_set_output                                    src/asf/sam/drivers/pio/pio.o
pio_set_peripheral                                src/asf/sam/drivers/pio/pio.o
pio_set_pin_group_high                            src/asf/sam/drivers/pio/pio.o
pio_set_pin_group_low                             src/asf/sam/drivers/pio/pio.o
pio_set_pin_high                                  src/asf/sam/drivers/pio/pio.o
                                                  src/ParTest.o
                                                  src/asf/sam/boards/sam3x_ek/init.o
pio_set_pin_low                                   src/asf/sam/drivers/pio/pio.o
                                                  src/ParTest.o
                                                  src/asf/sam/boards/sam3x_ek/init.o
pio_set_writeprotect                              src/asf/sam/drivers/pio/pio.o
pio_sync_output_write                             src/asf/sam/drivers/pio/pio.o
pio_toggle_pin                                    src/asf/sam/drivers/pio/pio.o
                                                  src/ParTest.o
                                                  src/main.o
pio_toggle_pin_group                              src/asf/sam/drivers/pio/pio.o
pmc_clr_fast_startup_input                        src/asf/sam/drivers/pmc/pmc.o
pmc_disable_all_pck                               src/asf/sam/drivers/pmc/pmc.o
pmc_disable_all_periph_clk                        src/asf/sam/drivers/pmc/pmc.o
pmc_disable_clock_failure_detector                src/asf/sam/drivers/pmc/pmc.o
pmc_disable_interrupt                             src/asf/sam/drivers/pmc/pmc.o
pmc_disable_pck                                   src/asf/sam/drivers/pmc/pmc.o
pmc_disable_periph_clk                            src/asf/sam/drivers/pmc/pmc.o
pmc_disable_pllack                                src/asf/sam/drivers/pmc/pmc.o
                                                  src/asf/common/services/clock/sam3x/sysclk.o
pmc_disable_udpck                                 src/asf/sam/drivers/pmc/pmc.o
pmc_disable_upll_clock                            src/asf/sam/drivers/pmc/pmc.o
pmc_enable_all_pck                                src/asf/sam/drivers/pmc/pmc.o
pmc_enable_all_periph_clk                         src/asf/sam/drivers/pmc/pmc.o
pmc_enable_backupmode                             src/asf/sam/drivers/pmc/pmc.o
pmc_enable_clock_failure_detector                 src/asf/sam/drivers/pmc/pmc.o
pmc_enable_interrupt                              src/asf/sam/drivers/pmc/pmc.o
pmc_enable_pck                                    src/asf/sam/drivers/pmc/pmc.o
pmc_enable_periph_clk                             src/asf/sam/drivers/pmc/pmc.o
                                                  src/serial.o
pmc_enable_pllack                                 src/asf/sam/drivers/pmc/pmc.o
pmc_enable_sleepmode                              src/asf/sam/drivers/pmc/pmc.o
pmc_enable_udpck                                  src/asf/sam/drivers/pmc/pmc.o
pmc_enable_upll_clock                             src/asf/sam/drivers/pmc/pmc.o
pmc_enable_waitmode                               src/asf/sam/drivers/pmc/pmc.o
pmc_get_interrupt_mask                            src/asf/sam/drivers/pmc/pmc.o
pmc_get_status                                    src/asf/sam/drivers/pmc/pmc.o
pmc_get_writeprotect_status                       src/asf/sam/drivers/pmc/pmc.o
pmc_is_locked_pllack                              src/asf/sam/drivers/pmc/pmc.o
                                                  src/asf/common/services/clock/sam3x/sysclk.o
pmc_is_locked_upll                                src/asf/sam/drivers/pmc/pmc.o
                                                  src/asf/common/services/clock/sam3x/sysclk.o
pmc_is_pck_enabled                                src/asf/sam/drivers/pmc/pmc.o
pmc_is_periph_clk_enabled                         src/asf/sam/drivers/pmc/pmc.o
pmc_mck_set_prescaler                             src/asf/sam/drivers/pmc/pmc.o
                                                  src/asf/common/services/clock/sam3x/sysclk.o
pmc_mck_set_source                                src/asf/sam/drivers/pmc/pmc.o
                                                  src/asf/common/services/clock/sam3x/sysclk.o
pmc_osc_disable_fastrc                            src/asf/sam/drivers/pmc/pmc.o
pmc_osc_disable_xtal                              src/asf/sam/drivers/pmc/pmc.o
pmc_osc_enable_fastrc                             src/asf/sam/drivers/pmc/pmc.o
pmc_osc_is_ready_32kxtal                          src/asf/sam/drivers/pmc/pmc.o
                                                  src/asf/common/services/clock/sam3x/sysclk.o
pmc_osc_is_ready_mainck                           src/asf/sam/drivers/pmc/pmc.o
                                                  src/asf/common/services/clock/sam3x/sysclk.o
pmc_pck_set_prescaler                             src/asf/sam/drivers/pmc/pmc.o
pmc_pck_set_source                                src/asf/sam/drivers/pmc/pmc.o
pmc_set_fast_startup_input                        src/asf/sam/drivers/pmc/pmc.o
pmc_set_writeprotect                              src/asf/sam/drivers/pmc/pmc.o
pmc_switch_mainck_to_fastrc                       src/asf/sam/drivers/pmc/pmc.o
                                                  src/asf/common/services/clock/sam3x/sysclk.o
pmc_switch_mainck_to_xtal                         src/asf/sam/drivers/pmc/pmc.o
                                                  src/asf/common/services/clock/sam3x/sysclk.o
pmc_switch_mck_to_mainck                          src/asf/sam/drivers/pmc/pmc.o
pmc_switch_mck_to_pllack                          src/asf/sam/drivers/pmc/pmc.o
                                                  src/asf/common/services/clock/sam3x/sysclk.o
pmc_switch_mck_to_sclk                            src/asf/sam/drivers/pmc/pmc.o
pmc_switch_mck_to_upllck                          src/asf/sam/drivers/pmc/pmc.o
pmc_switch_pck_to_mainck                          src/asf/sam/drivers/pmc/pmc.o
pmc_switch_pck_to_pllack                          src/asf/sam/drivers/pmc/pmc.o
pmc_switch_pck_to_sclk                            src/asf/sam/drivers/pmc/pmc.o
pmc_switch_pck_to_upllck                          src/asf/sam/drivers/pmc/pmc.o
pmc_switch_sclk_to_32kxtal                        src/asf/sam/drivers/pmc/pmc.o
                                                  src/asf/common/services/clock/sam3x/sysclk.o
pmc_switch_udpck_to_pllack                        src/asf/sam/drivers/pmc/pmc.o
pmc_switch_udpck_to_upllck                        src/asf/sam/drivers/pmc/pmc.o
pvPortMalloc                                      src/asf/thirdparty/FreeRTOS/portable/MemMang/heap_4.o
                                                  src/Common-Demo-Source/semtest.o
                                                  src/Common-Demo-Source/death.o
                                                  src/Common-Demo-Source/BlockQ.o
                                                  src/asf/thirdparty/FreeRTOS/timers.o
                                                  src/asf/thirdparty/FreeRTOS/tasks.o
                                                  src/asf/thirdparty/FreeRTOS/queue.o
pvTaskIncrementMutexHeldCount                     src/asf/thirdparty/FreeRTOS/tasks.o
                                                  src/asf/thirdparty/FreeRTOS/queue.o
pvTimerGetTimerID                                 src/asf/thirdparty/FreeRTOS/timers.o
                                                  src/Common-Demo-Source/flash_timer.o
pxCurrentTCB                                      src/asf/thirdparty/FreeRTOS/tasks.o
                                                  src/asf/thirdparty/FreeRTOS/portable/GCC/ARM_CM3/port.o
pxPortInitialiseStack                             src/asf/thirdparty/FreeRTOS/portable/GCC/ARM_CM3/port.o
                                                  src/asf/thirdparty/FreeRTOS/tasks.o
software_init_hook                                c:/program files (x86)/atmel/atmel toolchain/arm gcc/native/4.8.1437/arm-gnu-toolchain/bin/../lib/gcc/arm-none-eabi/4.8.4/../../../../arm-none-eabi/lib/armv7-m/crt0.o
sysclk_init                                       src/asf/common/services/clock/sam3x/sysclk.o
                                                  src/main.o
sysclk_set_prescalers                             src/asf/common/services/clock/sam3x/sysclk.o
sysclk_set_source                                 src/asf/common/services/clock/sam3x/sysclk.o
system_init_flash                                 src/asf/sam/utils/cmsis/sam3x/source/templates/system_sam3x.o
                                                  src/asf/common/services/clock/sam3x/sysclk.o
ulPortSetInterruptMask                            src/asf/thirdparty/FreeRTOS/portable/GCC/ARM_CM3/port.o